******************************************************************************
               TMS320C6x Linker PC v7.4.8                      
******************************************************************************
>> Linked Mon Sep 12 08:13:45 2016

OUTPUT FILE NAME:   <avsk_app_dsp_debug.xe674>
ENTRY POINT SYMBOL: "ti_sysbios_family_c64p_Hwi0"  address: 86d8a400


MEMORY CONFIGURATION

         name            origin    length      used     unused   attr    fill
----------------------  --------  ---------  --------  --------  ----  --------
  VECS_CORE_0           00000000   00000400  00000000  00000400  RW X
  VECS_CORE_1           00000400   00000600  00000000  00000600  RW X
  L2_SRAM               00001000   0003f000  00000000  0003f000  RW X
  DSP_L2RAM             00800000   00010000  00000000  00010000  RW X
  DSP_L2DATA            00810000   00010000  00000000  00010000  RW X
  OCMC_RAM0             40300000   0007fe00  00000000  0007fe00  RW X
  DSP_SYNC_AREA         4037fe00   00000100  00000000  00000100  RW X
  OCMC_RAM1             40400000   00040000  00000000  00040000  RW X
  DSP_WMEM              42840200   00007e00  00000000  00007e00  RW X
  DSP_IMEMLA            42850000   00004000  00000000  00004000  RW X
  DSP_IMEMHA            42854000   00004000  00000000  00004000  RW X
  DSP_IMEMLB            42870000   00004000  00000000  00004000  RW X
  DSP_IMEMHB            42874000   00004000  00000000  00004000  RW X
  CONFIG_REGISTER_SPACE 42878000   167a8000  00000000  167a8000  RW X
  DSP_MAIL_EMEM         59020000   00000500  00000000  00000500  RW X
  CONFIG_REGISTER_SPACE 59020500   06fdfb00  00000000  06fdfb00  RW X
  TILER_SYSTEM_SPACE    60000000   20000000  00000000  20000000  RW X
  SHARED_CTRL           80000000   01000000  00000000  01000000  RW X
  SHARED_FRAME_BUFFER   81800000   03f00000  03f00000  00000000  RW X
  SHARED_MEM            85b00000   00100000  00100000  00000000  RW X
  CODE_CORE_DSP         85c00000   01000000  0000010c  00fffef4  RW X
  PRIVATE_DATA_CORE_DSP 86c00000   00400000  0019da02  002625fe  RW X
  DSP_HEAP              87000000   00200000  00100000  00100000  RW X
  SHARED_LOG_MEM        8ff00000   00090000  00000000  00090000  RW X


SEGMENT ALLOCATION MAP

run origin  load origin   length   init length attrs members
----------  ----------- ---------- ----------- ----- -------
85c00000    85c00000    000000c0   000000c0    r-x
  85c00000    85c00000    000000c0   000000c0    r-x boot
85c00400    85c00400    0000004c   0000004c    r--
  85c00400    85c00400    0000004c   0000004c    r-- ti_sdo_ipc_init
86c00000    86c00000    000c68b0   00000000    rw-
  86c00000    86c00000    000c68b0   00000000    rw- .far
86cc68b0    86cc68b0    00000010   00000010    rw-
  86cc68b0    86cc68b0    00000010   00000010    rw- .fardata.1
86cc68c0    86cc68c0    0005de40   0005de40    r-x
  86cc68c0    86cc68c0    0005de40   0005de40    r-x .text
86d24700    86d24700    00053984   00053984    rw-
  86d24700    86d24700    00053984   00053984    rw- .fardata.2
86d78088    86d78088    00012256   00012256    r--
  86d78088    86d78088    00012256   00012256    r-- .const
86d8a2e0    86d8a2e0    00000120   00000000    rw-
  86d8a2e0    86d8a2e0    00000120   00000000    rw- .cio
86d8a400    86d8a400    000002e4   000002e4    r-x
  86d8a400    86d8a400    00000200   00000200    r-x .vecs
  86d8a600    86d8a600    000000e4   000000e4    r-- .switch
86d8b000    86d8b000    0000f316   0000f316    rw-
  86d8b000    86d8b000    0000f0f8   0000f0f8    rw- .bss
  86d9a0f8    86d9a0f8    0000021e   0000021e    rw- .neardata
86d9a318    86d9a318    0000000c   0000000c    r--
  86d9a318    86d9a318    0000000c   0000000c    r-- .rodata
86d9a328    86d9a328    00004000   00000000    rw-
  86d9a328    86d9a328    00004000   00000000    rw- .stack
87000000    87000000    00100000   00000000    rw-
  87000000    87000000    00100000   00000000    rw- .myNonCacheHeap


SECTION ALLOCATION MAP

 output                                  attributes/
section   page    origin      length       input sections
--------  ----  ----------  ----------   ----------------
.cinit     0    86c00000    00000000     UNINITIALIZED

.init_array 
*          0    86c00000    00000000     UNINITIALIZED

ti.sdo.ipc.SharedRegion_1 
*          0    81800000    03f00000     NOLOAD SECTION
                  81800000    03f00000     --HOLE--

ti.sdo.ipc.SharedRegion_0 
*          0    85b00000    00100000     NOLOAD SECTION
                  85b00000    00100000     --HOLE--

boot       0    85c00000    000000c0     
                  85c00000    000000a0     boot.ae674 : boot.oe674 (.text:_c_int00)
                  85c000a0    00000020     BIOS_AVSDK_dsp_pe674.oe674 ($Tramp$S$$xdc_runtime_Startup_reset__I)

ti_sdo_ipc_init 
*          0    85c00400    0000004c     
                  85c00400    0000004c     BIOS_AVSDK_dsp_pe674.oe674 (ti_sdo_ipc_init)

xdc.meta   0    86c00000    00000150     COPY SECTION
                  86c00000    00000150     BIOS_AVSDK_dsp_pe674.oe674 (xdc.meta)

.far       0    86c00000    000c68b0     UNINITIALIZED
                  86c00000    0009e1b0     dsp_app_task.obj (.far)
                  86c9e1b0    0000df38     edma3_lld_drv.ae674 : edma3_drv_init.oe674 (.far)
                  86cac0e8    00008800     BIOS_AVSDK_dsp_pe674.oe674 (.far:taskStackSection)
                  86cb48e8    00007a28     edma3_lld_rm.ae674 : edma3resmgr.oe674 (.far)
                  86cbc310    000042e0                        : edma3_rm_gbl_data.oe674 (.far)
                  86cc05f0    00004058     BIOS_AVSDK_dsp_pe674.oe674 (.far)
                  86cc4648    0000211d     ti_srv_lib.lib : ti_srv_lib.obj (.far)
                  86cc6765    00000003     --HOLE--
                  86cc6768    00000140     rts6740_elf.lib : defs.obj (.far)
                  86cc68a8    00000008                     : trgdrv.obj (.far)

.fardata.1 
*          0    86cc68b0    00000010     
                  86cc68b0    00000010     BIOS_AVSDK_dsp_pe674.oe674 (.fardata:ti_sdo_ipc_Notify_Module_State_0_notifyHandles__A)

.text      0    86cc68c0    0005de40     
                  86cc68c0    0000f500     ti_srv_lib.lib : SV_GAlign_Run.obj (.text)
                  86cd5dc0    00005360     dsp_app_task.obj (.text)
                  86cdb120    000035e0     ti_srv_lib.lib : ti_srv_lib.obj (.text)
                  86cde700    00003380                    : SV_PAlign_Run.obj (.text)
                  86ce1a80    00001c40                    : SV_Synthesis_Run.obj (.text)
                  86ce36c0    00001780                    : iPhotometricAlignmentAlgo.obj (.text)
                  86ce4e40    000013e0                    : iSynthesisAlgo.obj (.text)
                  86ce6220    00001240                    : cse.obj (.text)
                  86ce7460    000011a0     ipc.ae674 : Ipc.obj (.text:ti_sdo_ipc_GateMP_Instance_init__F)
                  86ce8600    00001020     edma_helper_funcs.obj (.text)
                  86ce9620    00001000     ti_srv_lib.lib : iGeometricAlignmentAlgo.obj (.text)
                  86cea620    00000c40     edma3_lld_drv.ae674 : edma3_drv_basic.oe674 (.text:EDMA3_DRV_requestChannel)
                  86ceb260    00000b80     edma3_lld_rm.ae674 : edma3resmgr.oe674 (.text:EDMA3_RM_allocResource)
                  86cebde0    00000b20     ipc.ae674 : Ipc.obj (.text:ti_sdo_ipc_heaps_HeapMemMP_alloc__E)
                  86cec900    00000a60               : Ipc.obj (.text:ti_sdo_ipc_heaps_HeapMemMP_free__E)
                  86ced360    000009c0               : Ipc.obj (.text:Ipc_attach)
                  86cedd20    000009a0     ti.targets.rts6000.ae674 : System.oe674 (.text:xdc_runtime_System_doPrint__I)
                  86cee6c0    00000960     spansion.obj (.text)
                  86cef020    00000920     ipc.ae674 : Ipc.obj (.text:ti_sdo_ipc_transports_TransportShm_Instance_init__F)
                  86cef940    000008c0               : Ipc.obj (.text:ti_sdo_ipc_ListMP_Instance_init__F)
                  86cf0200    00000880               : Ipc.obj (.text:ti_sdo_ipc_GateMP_Instance_finalize__F)
                  86cf0a80    00000840               : Ipc.obj (.text:MessageQ_put)
                  86cf12c0    000007e0               : Ipc.obj (.text:ti_sdo_ipc_heaps_HeapBufMP_Instance_init__F)
                  86cf1aa0    000007e0               : Ipc.obj (.text:ti_sdo_ipc_heaps_HeapBufMP_postInit__I)
                  86cf2280    000007e0     winbond.obj (.text)
                  86cf2a60    00000780     omap3_spi.obj (.text)
                  86cf31e0    00000780     sysbios.ae674 : BIOS.obj (.text:ti_sysbios_family_c64p_Exception_handler__I)
                  86cf3960    00000760     ipc.ae674 : Ipc.obj (.text:ti_sdo_ipc_heaps_HeapMemMP_Instance_init__F)
                  86cf40c0    00000720     edma3_lld_rm.ae674 : edma3resmgr.oe674 (.text:edma3CCErrHandler)
                  86cf47e0    000006a0     ipc.ae674 : Ipc.obj (.text:NameServer_add)
                  86cf4e80    000006a0               : Ipc.obj (.text:ti_sdo_ipc_nsremote_NameServerRemoteNotify_Instance_init__F)
                  86cf5520    00000660     sysbios.ae674 : BIOS.obj (.text:ti_sysbios_heaps_HeapMem_alloc__E)
                  86cf5b80    00000620     ipc.ae674 : Ipc.obj (.text:Notify_sendEvent)
                  86cf61a0    00000600               : Ipc.obj (.text:ti_sdo_ipc_SharedRegion_start__F)
                  86cf67a0    00000600     sysbios.ae674 : BIOS.obj (.text:ti_sysbios_heaps_HeapMem_free__E)
                  86cf6da0    000005e0     edma3_lld_rm.ae674 : edma3resmgr.oe674 (.text:EDMA3_RM_open)
                  86cf7380    000005e0     ipc.ae674 : Ipc.obj (.text:Notify_registerEventSingle)
                  86cf7960    000005e0               : Ipc.obj (.text:Notify_unregisterEventSingle)
                  86cf7f40    000005e0               : Ipc.obj (.text:SharedRegion_setEntry)
                  86cf8520    000005c0               : Ipc.obj (.text:ListMP_getHead)
                  86cf8ae0    000005c0     rts6740_elf.lib : _printfi.obj (.text:_getarg_diouxp)
                  86cf90a0    000005c0     spi_flash.obj (.text)
                  86cf9660    000005a0     rts6740_elf.lib : divd.obj (.text:__c6xabi_divd)
                  86cf9c00    000005a0     remote_debug_server.obj (.text)
                  86cfa1a0    00000580     ipc.ae674 : Ipc.obj (.text:ti_sdo_ipc_transports_TransportShm_put__E)
                  86cfa720    00000580     sysbios.ae674 : BIOS.obj (.text:ti_sysbios_knl_Task_Instance_finalize__F)
                  86cfaca0    00000560     ipc.ae674 : Ipc.obj (.text:NameServer_get)
                  86cfb200    00000540               : Ipc.obj (.text:ti_sdo_ipc_Ipc_procSyncStart__I)
                  86cfb740    00000540               : Ipc.obj (.text:ti_sdo_ipc_nsremote_NameServerRemoteNotify_get__F)
                  86cfbc80    00000500               : Ipc.obj (.text:ti_sdo_ipc_notifyDrivers_NotifyDriverShm_Instance_init__F)
                  86cfc180    00000500     sysbios.ae674 : BIOS.obj (.text:ti_sysbios_utils_Load_update__E)
                  86cfc680    000004c0     ipc.ae674 : Ipc.obj (.text:ti_sdo_ipc_heaps_HeapMemMP_getStats__E)
                  86cfcb40    000004c0     sysbios.ae674 : BIOS.obj (.text:ti_sysbios_knl_Semaphore_pend__E)
                  86cfd000    000004a0     ipc.ae674 : Ipc.obj (.text:HeapBufMP_sharedMemReq)
                  86cfd4a0    000004a0               : Ipc.obj (.text:ti_sdo_ipc_gates_GatePeterson_Instance_init__F)
                  86cfd940    00000480               : Ipc.obj (.text:ti_sdo_ipc_GateMP_setRegion0Reserved__F)
                  86cfddc0    00000480               : Ipc.obj (.text:ti_sdo_ipc_family_c6a8149_InterruptDsp_intRegister__E)
                  86cfe240    00000480               : Ipc.obj (.text:ti_sdo_ipc_nsremote_NameServerRemoteNotify_swiFxn__I)
                  86cfe6c0    00000480     sysbios.ae674 : BIOS.obj (.text:ti_sysbios_knl_Task_Module_startup__F)
                  86cfeb40    00000460     ipc.ae674 : Ipc.obj (.text:ListMP_putTail)
                  86cfefa0    00000460     rts6740_elf.lib : _printfi.obj (.text:_printfi)
                  86cff400    00000460                     : _printfi.obj (.text:_setfield)
                  86cff860    00000460     ipc.ae674 : Ipc.obj (.text:ti_sdo_ipc_Ipc_procSyncFinish__I)
                  86cffcc0    00000440     edma3_lld_rm.ae674 : edma3resmgr.oe674 (.text:edma3TCErrHandler)
                  86d00100    00000440     ipc.ae674 : Ipc.obj (.text:ti_sdo_ipc_MessageQ_Instance_init__F)
                  86d00540    00000420     edma3_lld_rm.ae674 : edma3resmgr.oe674 (.text:EDMA3_RM_freeResource)
                  86d00960    00000420     ipc.ae674 : Ipc.obj (.text:ti_sdo_ipc_heaps_HeapMemMP_postInit__I)
                  86d00d80    00000400     shared_mem_cfg.obj (.text)
                  86d01180    00000400     ipc.ae674 : Ipc.obj (.text:ti_sdo_ipc_Notify_Instance_init__F)
                  86d01580    00000400     sysbios.ae674 : BIOS.obj (.text:ti_sysbios_family_c64p_Hwi_dispatchC__I)
                  86d01980    00000400                   : BIOS.obj (.text:ti_sysbios_utils_Load_logLoads__I)
                  86d01d80    000003c0     ipc.ae674 : Ipc.obj (.text:ti_sdo_ipc_SharedRegion_reserveMemory__F)
                  86d02140    000003c0     sysbios.ae674 : BIOS.obj (.text:ti_sysbios_knl_Task_Instance_init__F)
                  86d02500    000003c0                   : BIOS.obj (.text:ti_sysbios_knl_Task_setPri__E)
                  86d028c0    000003a0     rts6740_elf.lib : fputs.obj (.text:fputs)
                  86d02c60    00000380     ipc.ae674 : Ipc.obj (.text:HeapMemMP_sharedMemReq)
                  86d02fe0    00000380               : Ipc.obj (.text:SharedRegion_clearEntry)
                  86d03360    00000380     sysbios.ae674 : BIOS.obj (.text:ti_sysbios_timers_dmtimer_Timer_checkFreq__I)
                  86d036e0    00000360     edma3_lld_rm.ae674 : edma3resmgr.oe674 (.text:EDMA3_RM_create)
                  86d03a40    00000360     ipc.ae674 : Ipc.obj (.text:SharedRegion_getPtr)
                  86d03da0    00000360     command_queue.obj (.text)
                  86d04100    00000360     sysbios.ae674 : BIOS.obj (.text:ti_sysbios_knl_Clock_Instance_init__F)
                  86d04460    00000340     ipc.ae674 : Ipc.obj (.text:GateMP_sharedMemReq)
                  86d047a0    00000340     sysbios.ae674 : BIOS.obj (.text:deviceConfig$30)
                  86d04ae0    00000320     ipc.ae674 : Ipc.obj (.text:HeapBufMP_open)
                  86d04e00    00000320     rts6740_elf.lib : _printfi.obj (.text:_pproc_fge)
                  86d05120    00000300     edma3_lld_drv.ae674 : edma3_drv_basic.oe674 (.text:EDMA3_DRV_freeChannel)
                  86d05420    00000300     ipc.ae674 : Ipc.obj (.text:GateMP_openByAddr)
                  86d05720    00000300               : Ipc.obj (.text:ti_sdo_ipc_transports_TransportShm_openByAddr__F)
                  86d05a20    00000300     sysbios.ae674 : BIOS.obj (.text:ti_sysbios_knl_Swi_run__I)
                  86d05d20    000002e0     ipc.ae674 : Ipc.obj (.text:MessageQ_alloc)
                  86d06000    000002e0               : Ipc.obj (.text:SharedRegion_getEntry)
                  86d062e0    000002e0               : Ipc.obj (.text:SharedRegion_getSRPtr)
                  86d065c0    000002e0     rts6740_elf.lib : _printfi.obj (.text:_pproc_fwp)
                  86d068a0    000002e0     ipc.ae674 : Ipc.obj (.text:ti_sdo_ipc_heaps_HeapBufMP_free__E)
                  86d06b80    000002e0               : Ipc.obj (.text:ti_sdo_ipc_notifyDrivers_NotifyDriverShm_isr__I)
                  86d06e60    000002e0     sysbios.ae674 : BIOS.obj (.text:ti_sysbios_gates_GateMutexPri_enter__E)
                  86d07140    000002e0                   : BIOS.obj (.text:ti_sysbios_heaps_HeapMem_Instance_init__F)
                  86d07420    000002e0                   : BIOS.obj (.text:ti_sysbios_knl_Task_sleep__E)
                  86d07700    000002c0     edma3_lld_drv.ae674 : edma3_drv_init.oe674 (.text:EDMA3_DRV_open)
                  86d079c0    000002c0     ipc.ae674 : Ipc.obj (.text:Ipc_writeConfig)
                  86d07c80    000002c0               : Ipc.obj (.text:MessageQ_open)
                  86d07f40    000002c0               : Ipc.obj (.text:ti_sdo_ipc_gates_GateHWSpinlock_Instance_init__F)
                  86d08200    000002a0               : Ipc.obj (.text:Ipc_start)
                  86d084a0    000002a0               : Ipc.obj (.text:NameServer_getLocal)
                  86d08740    000002a0     rts6740_elf.lib : _printfi.obj (.text:ecvt)
                  86d089e0    000002a0     edma3_lld_rm.ae674 : edma3resmgr.oe674 (.text:edma3ComplHandler)
                  86d08c80    000002a0     edma3_lld_drv.ae674 : edma3_drv_init.oe674 (.text:edma3OpenResMgr)
                  86d08f20    000002a0     rts6740_elf.lib : _printfi.obj (.text:fcvt)
                  86d091c0    000002a0     ipc.ae674 : Ipc.obj (.text:ti_sdo_ipc_heaps_HeapBufMP_Instance_finalize__F)
                  86d09460    000002a0     sysbios.ae674 : BIOS.obj (.text:ti_sysbios_knl_Clock_workFunc__E)
                  86d09700    000002a0                   : BIOS.obj (.text:ti_sysbios_timers_dmtimer_Timer_setPeriodMicroSecs__E)
                  86d099a0    00000280     edma3_lld_drv.ae674 : edma3_drv_init.oe674 (.text:EDMA3_DRV_create)
                  86d09c20    00000280                         : edma3_drv_basic.oe674 (.text:EDMA3_DRV_disableTransfer)
                  86d09ea0    00000280     rts6740_elf.lib : divf.obj (.text:__c6xabi_divf)
                  86d0a120    00000280     edma3_lld_drv.ae674 : edma3_drv_basic.oe674 (.text:edma3RemoveMapping)
                  86d0a3a0    00000280     rts6740_elf.lib : sin.obj (.text:sin)
                  86d0a620    00000280     sysbios.ae674 : BIOS.obj (.text:ti_sysbios_family_c64p_Cache_Module_startup__F)
                  86d0a8a0    00000280                   : BIOS.obj (.text:ti_sysbios_family_c64p_Hwi_Module_startup__F)
                  86d0ab20    00000280                   : BIOS.obj (.text:ti_sysbios_timers_dmtimer_Timer_startup__E)
                  86d0ada0    00000280     ti.targets.rts6000.ae674 : Core-mem.oe674 (.text:xdc_runtime_Core_createObject__I)
                  86d0b020    00000280                              : Error.oe674 (.text:xdc_runtime_Error_raiseX__F)
                  86d0b2a0    00000280     BIOS_AVSDK_dsp_pe674.oe674 (.text:xdc_runtime_System_printfExtend__I)
                  86d0b520    00000260     edma3_lld_drv.ae674 : edma3_drv_basic.oe674 (.text:EDMA3_DRV_enableTransfer)
                  86d0b780    00000260     ipc.ae674 : Ipc.obj (.text:ListMP_sharedMemReq)
                  86d0b9e0    00000260     rts6740_elf.lib : imath64.obj (.text:__c6xabi_divull)
                  86d0bc40    00000260                     : _printfi.obj (.text:_pconv_e)
                  86d0bea0    00000260     ipc.ae674 : Ipc.obj (.text:ti_sdo_ipc_ListMP_Instance_finalize__F)
                  86d0c100    00000260               : Ipc.obj (.text:ti_sdo_ipc_SharedRegion_checkOverlap__I)
                  86d0c360    00000260               : Ipc.obj (.text:ti_sdo_ipc_heaps_HeapMemMP_Instance_finalize__F)
                  86d0c5c0    00000260               : Ipc.obj (.text:ti_sdo_ipc_notifyDrivers_NotifyDriverShm_disableEvent__E)
                  86d0c820    00000260               : Ipc.obj (.text:ti_sdo_ipc_notifyDrivers_NotifyDriverShm_sharedMemReq__F)
                  86d0ca80    00000260     sysbios.ae674 : BIOS.obj (.text:ti_sysbios_family_c64p_Hwi_reconfig__E)
                  86d0cce0    00000260                   : BIOS.obj (.text:ti_sysbios_knl_Swi_Module_startup__F)
                  86d0cf40    00000260                   : BIOS.obj (.text:ti_sysbios_utils_Load_taskCreateHook__E)
                  86d0d1a0    00000260     ti.targets.rts6000.ae674 : Startup.oe674 (.text:xdc_runtime_Startup_startMods__I)
                  86d0d400    00000240     rts6740_elf.lib : _printfi.obj (.text:_pproc_diouxp)
                  86d0d640    00000240     ipc.ae674 : Ipc.obj (.text:ti_sdo_ipc_MessageQ_Instance_finalize__F)
                  86d0d880    00000240               : Ipc.obj (.text:ti_sdo_ipc_family_c6a8149_InterruptDsp_intUnregister__E)
                  86d0dac0    00000240     sysbios.ae674 : BIOS.obj (.text:ti_sysbios_family_c64p_Exception_internalHandler__I)
                  86d0dd00    00000240                   : BIOS.obj (.text:ti_sysbios_knl_Semaphore_post__E)
                  86d0df40    00000220     ipc.ae674 : Ipc.obj (.text:MessageQ_get)
                  86d0e160    00000220     rts6740_elf.lib : _printfi.obj (.text:_pproc_str)
                  86d0e380    00000220                     : fputc.obj (.text:fputc)
                  86d0e5a0    00000220     ipc.ae674 : Ipc.obj (.text:ti_sdo_ipc_GateMP_start__F)
                  86d0e7c0    00000220               : Ipc.obj (.text:ti_sdo_ipc_transports_TransportShm_Instance_finalize__F)
                  86d0e9e0    00000220     sysbios.ae674 : BIOS.obj (.text:ti_sysbios_knl_Task_exit__E)
                  86d0ec00    00000220                   : BIOS.obj (.text:ti_sysbios_knl_Task_schedule__I)
                  86d0ee20    00000220                   : BIOS.obj (.text:ti_sysbios_knl_Task_startCore__E)
                  86d0f040    00000200     ipc.ae674 : Ipc.obj (.text:GateMP_enter)
                  86d0f240    00000200               : Ipc.obj (.text:GateMP_leave)
                  86d0f440    00000200               : Ipc.obj (.text:ListMP_openByAddr)
                  86d0f640    00000200     rts6740_elf.lib : _printfi.obj (.text:_pconv_g)
                  86d0f840    00000200     sysbios.ae674 : c64p_Hwi_disp_always.obj (.text:_ti_sysbios_family_c64p_Hwi_dispatchAlways)
                  86d0fa40    00000200     rts6740_elf.lib : setvbuf.obj (.text:setvbuf)
                  86d0fc40    00000200     ipc.ae674 : Ipc.obj (.text:ti_sdo_ipc_family_c6a8149_NotifySetup_attach__E)
                  86d0fe40    00000200               : Ipc.obj (.text:ti_sdo_ipc_notifyDrivers_NotifyDriverShm_sendEvent__E)
                  86d10040    00000200     sysbios.ae674 : BIOS.obj (.text:ti_sysbios_family_c64p_Cache_inv__E)
                  86d10240    00000200                   : BIOS.obj (.text:ti_sysbios_family_c64p_Cache_wbInv__E)
                  86d10440    00000200                   : BIOS.obj (.text:ti_sysbios_gates_GateMutex_enter__E)
                  86d10640    00000200                   : BIOS.obj (.text:ti_sysbios_knl_Swi_Instance_init__F)
                  86d10840    00000200                   : BIOS.obj (.text:ti_sysbios_timers_dmtimer_Timer_start__E)
                  86d10a40    000001e0     edma3_lld_drv_sample.ae674 : sample_init.oe674 (.text:edma3init)
                  86d10c20    000001e0     ipc.ae674 : Ipc.obj (.text:ti_sdo_ipc_GateMP_attach__F)
                  86d10e00    000001e0               : Ipc.obj (.text:ti_sdo_ipc_GateMP_getFreeResource__I)
                  86d10fe0    000001e0               : Ipc.obj (.text:ti_sdo_ipc_heaps_HeapBufMP_alloc__E)
                  86d111c0    000001e0     sysbios.ae674 : BIOS.obj (.text:ti_sysbios_family_c64p_Hwi_Instance_init__F)
                  86d113a0    000001e0                   : BIOS.obj (.text:ti_sysbios_knl_Task_postInit__I)
                  86d11580    000001e0                   : BIOS.obj (.text:ti_sysbios_utils_Load_idleFxn__E)
                  86d11760    000001e0                   : BIOS.obj (.text:ti_sysbios_utils_Load_taskDeleteHook__E)
                  86d11940    000001c0     edma3_lld_rm.ae674 : edma3resmgr.oe674 (.text:EDMA3_RM_close)
                  86d11b00    000001c0     rts6740_elf.lib : _printfi.obj (.text:_mcpy)
                  86d11cc0    000001c0                     : fopen.obj (.text:_openfile)
                  86d11e80    000001c0     ipc.ae674 : Ipc.obj (.text:ti_sdo_ipc_notifyDrivers_NotifyDriverShm_registerEvent__E)
                  86d12040    000001c0     sysbios.ae674 : BIOS.obj (.text:ti_sysbios_knl_Swi_Instance_finalize__F)
                  86d12200    000001c0                   : BIOS.obj (.text:ti_sysbios_knl_Swi_post__E)
                  86d123c0    000001a0     ipc.ae674 : Ipc.obj (.text:HeapBufMP_openByAddr)
                  86d12560    000001a0               : Ipc.obj (.text:HeapMemMP_openByAddr)
                  86d12700    000001a0               : Ipc.obj (.text:SharedRegion_entryInit)
                  86d128a0    000001a0               : Ipc.obj (.text:SharedRegion_getCacheLineSize)
                  86d12a40    000001a0               : Ipc.obj (.text:SharedRegion_getHeap)
                  86d12be0    000001a0               : Ipc.obj (.text:SharedRegion_isCacheEnabled)
                  86d12d80    000001a0     rts6740_elf.lib : imath40.obj (.text:__c6xabi_divul)
                  86d12f20    000001a0                     : atan.obj (.text:atan)
                  86d130c0    000001a0     edma3_lld_rm.ae674 : edma3resmgr.oe674 (.text:edma3GlobalRegionInit)
                  86d13260    000001a0     ipc.ae674 : Ipc.obj (.text:ti_sdo_ipc_GateMP_openRegion0Reserved__F)
                  86d13400    000001a0               : Ipc.obj (.text:ti_sdo_ipc_family_c6a8149_InterruptDsp_intDisable__E)
                  86d135a0    000001a0               : Ipc.obj (.text:ti_sdo_ipc_family_c6a8149_InterruptDsp_intEnable__E)
                  86d13740    000001a0               : Ipc.obj (.text:ti_sdo_ipc_gates_GateHWSpinlock_enter__E)
                  86d138e0    000001a0               : Ipc.obj (.text:ti_sdo_ipc_notifyDrivers_NotifyDriverShm_enableEvent__E)
                  86d13a80    000001a0               : Ipc.obj (.text:ti_sdo_ipc_nsremote_NameServerRemoteNotify_attach__E)
                  86d13c20    000001a0     sysbios.ae674 : BIOS.obj (.text:ti_sysbios_family_c64p_Hwi_Instance_finalize__F)
                  86d13dc0    000001a0                   : BIOS.obj (.text:ti_sysbios_knl_Task_unblockI__E)
                  86d13f60    00000180     edma3_lld_rm.ae674 : edma3resmgr.oe674 (.text:EDMA3_RM_registerTccCb)
                  86d140e0    00000180     rts6740_elf.lib : trgdrv.obj (.text:HOSTrename)
                  86d14260    00000180     ipc.ae674 : Ipc.obj (.text:MultiProc_getName)
                  86d143e0    00000180               : Ipc.obj (.text:Notify_intLineRegistered)
                  86d14560    00000180     rts6740_elf.lib : lowlev.obj (.text:open)
                  86d146e0    00000180     edma3_lld_drv_sample.ae674 : sample_ti814x_int_reg.oe674 (.text:registerEdma3Interrupts)
                  86d14860    00000180     sysbios.ae674 : c64p_Exception_asm.obj (.text)
                  86d149e0    00000180     ipc.ae674 : Ipc.obj (.text:ti_sdo_ipc_MessageQ_registerTransport__F)
                  86d14b60    00000180               : Ipc.obj (.text:ti_sdo_ipc_MessageQ_unregisterTransport__F)
                  86d14ce0    00000180               : Ipc.obj (.text:ti_sdo_ipc_Notify_Module_startup__F)
                  86d14e60    00000180               : Ipc.obj (.text:ti_sdo_ipc_gates_GatePeterson_enter__E)
                  86d14fe0    00000180               : Ipc.obj (.text:ti_sdo_ipc_notifyDrivers_NotifyDriverShm_unregisterEvent__E)
                  86d15160    00000180               : Ipc.obj (.text:ti_sdo_utils_NameServer_Module_startup__F)
                  86d152e0    00000180     sysbios.ae674 : BIOS.obj (.text:ti_sysbios_knl_Swi_schedule__I)
                  86d15460    00000180                   : BIOS.obj (.text:ti_sysbios_syncs_SyncSem_Instance_init__F)
                  86d155e0    00000180     ti.targets.rts6000.ae674 : Text.oe674 (.text:xdc_runtime_Text_putSite__F)
                  86d15760    00000160     edma3_lld_drv.ae674 : edma3_drv_init.oe674 (.text:EDMA3_DRV_close)
                  86d158c0    00000160     edma3_lld_rm.ae674 : edma3resmgr.oe674 (.text:EDMA3_RM_unregisterTccCb)
                  86d15a20    00000160     ipc.ae674 : Ipc.obj (.text:Notify_attach)
                  86d15b80    00000160     edma3_lld_rm.ae674 : edma3resmgr.oe674 (.text:edma3ShadowRegionInit)
                  86d15ce0    00000160     sysbios.ae674 : BIOS.obj (.text:rtsUnlock$0)
                  86d15e40    00000160     rts6740_elf.lib : sqrt.obj (.text:sqrt)
                  86d15fa0    00000160     ipc.ae674 : Ipc.obj (.text:ti_sdo_ipc_GateMP_createLocal__F)
                  86d16100    00000160               : Ipc.obj (.text:ti_sdo_ipc_gates_GateHWSpinlock_Module_startup__F)
                  86d16260    00000160               : Ipc.obj (.text:ti_sdo_utils_NameServer_isRegistered__E)
                  86d163c0    00000160               : Ipc.obj (.text:ti_sdo_utils_NameServer_registerRemoteDriver__E)
                  86d16520    00000160               : Ipc.obj (.text:ti_sdo_utils_NameServer_unregisterRemoteDriver__E)
                  86d16680    00000160     ti_srv_lib.lib : SV_Global_Creation.obj (.text)
                  86d167e0    00000160     sysbios.ae674 : BIOS.obj (.text:ti_sysbios_knl_Task_yield__E)
                  86d16940    00000140     edma3_lld_drv.ae674 : edma3_drv_adv.oe674 (.text:EDMA3_DRV_setPaRAM)
                  86d16a80    00000140     ipc.ae674 : Ipc.obj (.text:GateMP_close)
                  86d16bc0    00000140               : Ipc.obj (.text:MessageQ_registerHeap)
                  86d16d00    00000140     boot.ae674 : autoinit.oe674 (.text:_auto_init_elf)
                  86d16e40    00000140     rts6740_elf.lib : _printfi.obj (.text:_pproc_fflags)
                  86d16f80    00000140                     : lowlev.obj (.text:getdevice)
                  86d170c0    00000140     ipc.ae674 : Ipc.obj (.text:ti_sdo_ipc_Notify_exec__F)
                  86d17200    00000140               : Ipc.obj (.text:ti_sdo_ipc_family_c6a8149_InterruptDsp_intShmStub__I)
                  86d17340    00000140               : Ipc.obj (.text:ti_sdo_ipc_transports_TransportShm_sharedMemReq__F)
                  86d17480    00000140     sysbios.ae674 : BIOS.obj (.text:ti_sysbios_gates_GateSwi_enter__E)
                  86d175c0    00000140                   : BIOS.obj (.text:ti_sysbios_knl_Clock_Instance_finalize__F)
                  86d17700    00000140                   : BIOS.obj (.text:ti_sysbios_knl_Semaphore_Instance_init__F)
                  86d17840    00000140                   : BIOS.obj (.text:ti_sysbios_knl_Task_blockI__E)
                  86d17980    00000120     edma3_lld_drv.ae674 : edma3_drv_basic.oe674 (.text:EDMA3_DRV_clearErrorBits)
                  86d17aa0    00000120     ipc.ae674 : Ipc.obj (.text:MessageQ_unregisterHeap)
                  86d17bc0    00000120     rts6740_elf.lib : fclose.obj (.text:_closefile)
                  86d17ce0    00000120                     : _printfi.obj (.text:_ltostr)
                  86d17e00    00000120                     : fopen.obj (.text:_search_fp)
                  86d17f20    00000120                     : fseek.obj (.text:fseek)
                  86d18040    00000120     sysbios.ae674 : BIOS.obj (.text:initDevice$30)
                  86d18160    00000120     ipc.ae674 : Ipc.obj (.text:ti_sdo_ipc_MessageQ_Module_startup__F)
                  86d18280    00000120     BIOS_AVSDK_dsp_pe674.oe674 (.text:ti_sdo_ipc_MessageQ_Object__create__S)
                  86d183a0    00000120     BIOS_AVSDK_dsp_pe674.oe674 (.text:ti_sdo_ipc_Notify_Object__create__S)
                  86d184c0    00000120     ipc.ae674 : Ipc.obj (.text:ti_sdo_ipc_gates_GateHWSpinlock_leave__E)
                  86d185e0    00000120     BIOS_AVSDK_dsp_pe674.oe674 (.text:ti_sdo_ipc_gates_GatePeterson_Object__create__S)
                  86d18700    00000120     ipc.ae674 : Ipc.obj (.text:ti_sdo_ipc_nsremote_NameServerRemoteNotify_Instance_finalize__F)
                  86d18820    00000120     BIOS_AVSDK_dsp_pe674.oe674 (.text:ti_sdo_ipc_nsremote_NameServerRemoteNotify_Object__create__S)
                  86d18940    00000120     BIOS_AVSDK_dsp_pe674.oe674 (.text:ti_sdo_ipc_transports_TransportShm_Object__create__S)
                  86d18a60    00000120     BIOS_AVSDK_dsp_pe674.oe674 (.text:ti_sysbios_family_c64p_Hwi_Object__create__S)
                  86d18b80    00000120     BIOS_AVSDK_dsp_pe674.oe674 (.text:ti_sysbios_knl_Swi_Object__create__S)
                  86d18ca0    00000120     BIOS_AVSDK_dsp_pe674.oe674 (.text:ti_sysbios_knl_Task_Object__create__S)
                  86d18dc0    00000120     sysbios.ae674 : BIOS.obj (.text:ti_sysbios_timers_dmtimer_Timer_Module_startup__F)
                  86d18ee0    00000120                   : BIOS.obj (.text:ti_sysbios_xdcruntime_GateThreadSupport_leave__F)
                  86d19000    00000120     ti.targets.rts6000.ae674 : Text.oe674 (.text:xdc_runtime_Text_putLab__F)
                  86d19120    00000100     rts6740_elf.lib : trgdrv.obj (.text:HOSTlseek)
                  86d19220    00000100                     : _io_perm.obj (.text:_wrt_ok)
                  86d19320    00000100                     : fprintf.obj (.text:fprintf)
                  86d19420    00000100     BIOS_AVSDK_dsp_pe674.oe674 (.text:ti_sdo_ipc_GateMP_Object__create__S)
                  86d19520    00000100     BIOS_AVSDK_dsp_pe674.oe674 (.text:ti_sdo_ipc_ListMP_Object__create__S)
                  86d19620    00000100     ipc.ae674 : Ipc.obj (.text:ti_sdo_ipc_Notify_Instance_finalize__F)
                  86d19720    00000100               : Ipc.obj (.text:ti_sdo_ipc_SharedRegion_attach__F)
                  86d19820    00000100               : Ipc.obj (.text:ti_sdo_ipc_SharedRegion_clearReservedMemory__F)
                  86d19920    00000100               : Ipc.obj (.text:ti_sdo_ipc_family_c6a8149_InterruptDsp_intSend__E)
                  86d19a20    00000100               : Ipc.obj (.text:ti_sdo_ipc_gates_GateMPSupportNull_enter__E)
                  86d19b20    00000100               : Ipc.obj (.text:ti_sdo_ipc_gates_GateMPSupportNull_leave__E)
                  86d19c20    00000100     BIOS_AVSDK_dsp_pe674.oe674 (.text:ti_sdo_ipc_heaps_HeapBufMP_Object__create__S)
                  86d19d20    00000100     BIOS_AVSDK_dsp_pe674.oe674 (.text:ti_sdo_ipc_heaps_HeapMemMP_Object__create__S)
                  86d19e20    00000100     BIOS_AVSDK_dsp_pe674.oe674 (.text:ti_sdo_ipc_notifyDrivers_NotifyDriverShm_Object__create__S)
                  86d19f20    00000100     ipc.ae674 : Ipc.obj (.text:ti_sdo_ipc_transports_TransportShmSetup_attach__E)
                  86d1a020    00000100     sysbios.ae674 : BIOS.obj (.text:ti_sysbios_family_c64p_EventCombiner_dispatch__F)
                  86d1a120    00000100                   : BIOS.obj (.text:ti_sysbios_gates_GateMutexPri_leave__E)
                  86d1a220    00000100                   : BIOS.obj (.text:ti_sysbios_knl_Swi_restoreHwi__E)
                  86d1a320    00000100     BIOS_AVSDK_dsp_pe674.oe674 (.text:ti_sysbios_syncs_SyncSem_Object__create__S)
                  86d1a420    00000100     ti.targets.rts6000.ae674 : Core-mem.oe674 (.text:xdc_runtime_Core_deleteObject__I)
                  86d1a520    00000100                              : Startup.oe674 (.text:xdc_runtime_Startup_exec__F)
                  86d1a620    00000100                              : Text.oe674 (.text:xdc_runtime_Text_putMod__F)
                  86d1a720    00000100                              : Text.oe674 (.text:xdc_runtime_Text_visitRope2__I)
                  86d1a820    00000100     BIOS_AVSDK_dsp_pe674.oe674 (.text:xdc_runtime_knl_GateThread_Object__create__S)
                  86d1a920    000000e0     edma3_lld_drv.ae674 : edma3_drv_init.oe674 (.text:EDMA3_DRV_delete)
                  86d1aa00    000000e0     rts6740_elf.lib : trgdrv.obj (.text:HOSTopen)
                  86d1aae0    000000e0     ipc.ae674 : Ipc.obj (.text:HeapBufMP_create)
                  86d1abc0    000000e0     rts6740_elf.lib : fltllif.obj (.text:__c6xabi_fltllif)
                  86d1aca0    000000e0                     : divi.obj (.text:__divi)
                  86d1ad80    000000e0                     : atoi.obj (.text:atoi)
                  86d1ae60    000000e0                     : lowlev.obj (.text:close)
                  86d1af40    000000e0     edma3_lld_drv_sample.ae674 : sample_cs.oe674 (.text:edma3OsProtectEntry)
                  86d1b020    000000e0     rts6740_elf.lib : fflush.obj (.text:fflush)
                  86d1b100    000000e0                     : ltoa.obj (.text:ltoa)
                  86d1b1e0    000000e0                     : memset.obj (.text:memset)
                  86d1b2c0    000000e0                     : printf.obj (.text:printf)
                  86d1b3a0    000000e0     ipc.ae674 : Ipc.obj (.text:ti_sdo_ipc_family_c6a8149_InterruptDsp_intClear__E)
                  86d1b480    000000e0               : Ipc.obj (.text:ti_sdo_ipc_family_c6a8149_NotifySetup_sharedMemReq__E)
                  86d1b560    000000e0               : Ipc.obj (.text:ti_sdo_ipc_heaps_HeapBufMP_getStats__F)
                  86d1b640    000000e0     sysbios.ae674 : BIOS.obj (.text:ti_sysbios_utils_Load_hwiBeginHook__E)
                  86d1b720    000000e0     ti.targets.rts6000.ae674 : Error.oe674 (.text:xdc_runtime_Error_print__F)
                  86d1b800    000000e0                              : Memory.oe674 (.text:xdc_runtime_Memory_alloc__F)
                  86d1b8e0    000000c0     edma3_lld_rm.ae674 : edma3resmgr.oe674 (.text:EDMA3_RM_delete)
                  86d1b9a0    000000c0     rts6740_elf.lib : trgdrv.obj (.text:HOSTread)
                  86d1ba60    000000c0                     : trgdrv.obj (.text:HOSTunlink)
                  86d1bb20    000000c0                     : trgdrv.obj (.text:HOSTwrite)
                  86d1bbe0    000000c0     ipc.ae674 : Ipc.obj (.text:HeapMemMP_create)
                  86d1bca0    000000c0               : Ipc.obj (.text:ListMP_create)
                  86d1bd60    000000c0               : Ipc.obj (.text:SharedRegion_getId)
                  86d1be20    000000c0     rts6740_elf.lib : dtor_list.obj (.text:_Z11__TI_atexitPFYvPvES_S_)
                  86d1bee0    000000c0                     : dtor_list.obj (.text:__cxa_finalize)
                  86d1bfa0    000000c0                     : divu.obj (.text:__divu)
                  86d1c060    000000c0                     : remi.obj (.text:__remi)
                  86d1c120    000000c0                     : _printfi.obj (.text:_div)
                  86d1c1e0    000000c0                     : fflush.obj (.text:_doflush)
                  86d1c2a0    000000c0     edma3_lld_drv_sample.ae674 : sample_cs.oe674 (.text:edma3OsProtectExit)
                  86d1c360    000000c0     rts6740_elf.lib : exit.obj (.text:exit)
                  86d1c420    000000c0     edma3_lld_drv_sample.ae674 : sample_ti814x_int_reg.oe674 (.text:sampleConfigScr)
                  86d1c4e0    000000c0     ipc.ae674 : Ipc.obj (.text:ti_sdo_ipc_GateMP_getRegion0ReservedSize__F)
                  86d1c5a0    000000c0     sysbios.ae674 : BIOS.obj (.text:ti_sysbios_BIOS_errorRaiseHook__I)
                  86d1c660    000000c0                   : BIOS.obj (.text:ti_sysbios_gates_GateAll_leave__E)
                  86d1c720    000000c0                   : BIOS.obj (.text:ti_sysbios_heaps_HeapMem_getStats__E)
                  86d1c7e0    000000c0                   : BIOS.obj (.text:ti_sysbios_knl_Clock_logTick__E)
                  86d1c8a0    000000c0                   : BIOS.obj (.text:ti_sysbios_knl_Swi_postInit__I)
                  86d1c960    000000c0                   : BIOS.obj (.text:ti_sysbios_knl_Task_allBlockedFunction__I)
                  86d1ca20    000000c0                   : BIOS.obj (.text:ti_sysbios_utils_Load_taskSwitchHook__E)
                  86d1cae0    000000c0     edma3_lld_drv_sample.ae674 : sample_ti814x_int_reg.oe674 (.text:unregisterEdma3Interrupts)
                  86d1cba0    000000c0     ti.targets.rts6000.ae674 : System.oe674 (.text:xdc_runtime_System_formatNum__I)
                  86d1cc60    000000a0     edma3_lld_drv.ae674 : edma3_drv_init.oe674 (.text:EDMA3_DRV_initXbarEventMap)
                  86d1cd00    000000a0     rts6740_elf.lib : trgdrv.obj (.text:HOSTclose)
                  86d1cda0    000000a0     ipc.ae674 : Ipc.obj (.text:MessageQ_create)
                  86d1ce40    000000a0     rts6740_elf.lib : fltullf.obj (.text:__c6xabi_fltullf)
                  86d1cee0    000000a0                     : round.obj (.text:__c6xabi_nround)
                  86d1cf80    000000a0                     : remu.obj (.text:__remu)
                  86d1d020    000000a0                     : fopen.obj (.text:_cleanup)
                  86d1d0c0    000000a0                     : _printfi.obj (.text:_ecpy)
                  86d1d160    000000a0                     : _printfi.obj (.text:_fcpy)
                  86d1d200    000000a0                     : _printfi.obj (.text:_pconv_f)
                  86d1d2a0    000000a0     sysbios.ae674 : c64p_Hwi_asm.obj (.text:_ti_sysbios_family_c64p_Hwi_plug__E)
                  86d1d340    000000a0     edma3_lld_drv_sample.ae674 : sample_init.oe674 (.text:edma3deinit)
                  86d1d3e0    000000a0     rts6740_elf.lib : lowlev.obj (.text:finddevice)
                  86d1d480    000000a0                     : lowlev.obj (.text:lseek)
                  86d1d520    000000a0     BIOS_AVSDK_dsp_pe674.oe674 (.text:malloc)
                  86d1d5c0    000000a0     rts6740_elf.lib : memcpy64.obj (.text:memcpy)
                  86d1d660    000000a0                     : modf.obj (.text:modf)
                  86d1d700    000000a0     BIOS_AVSDK_dsp_pe674.oe674 (.text:ti_sdo_ipc_gates_GateHWSpinlock_Object__create__S)
                  86d1d7a0    000000a0     BIOS_AVSDK_dsp_pe674.oe674 (.text:ti_sdo_ipc_gates_GateMPSupportNull_Object__create__S)
                  86d1d840    000000a0     ipc.ae674 : Ipc.obj (.text:ti_sdo_ipc_gates_GatePeterson_leave__E)
                  86d1d8e0    000000a0     sysbios.ae674 : BIOS.obj (.text:ti_sysbios_heaps_HeapMem_init__I)
                  86d1d980    000000a0     BIOS_AVSDK_dsp_pe674.oe674 (.text:ti_sysbios_knl_Clock_Object__create__S)
                  86d1da20    000000a0     sysbios.ae674 : BIOS.obj (.text:ti_sysbios_knl_Idle_run__E)
                  86d1dac0    000000a0     BIOS_AVSDK_dsp_pe674.oe674 (.text:ti_sysbios_knl_Semaphore_Object__create__S)
                  86d1db60    000000a0     sysbios.ae674 : BIOS.obj (.text:ti_sysbios_syncs_SyncSem_wait__F)
                  86d1dc00    000000a0                   : BIOS.obj (.text:ti_sysbios_utils_Load_swiBeginHook__E)
                  86d1dca0    000000a0     rts6740_elf.lib : lowlev.obj (.text:write)
                  86d1dd40    000000a0     ti.targets.rts6000.ae674 : Assert.oe674 (.text:xdc_runtime_Assert_raise__I)
                  86d1dde0    000000a0                              : SysMin.oe674 (.text:xdc_runtime_SysMin_abort__F)
                  86d1de80    000000a0                              : SysMin.oe674 (.text:xdc_runtime_SysMin_flush__F)
                  86d1df20    000000a0                              : SysMin.oe674 (.text:xdc_runtime_SysMin_putch__F)
                  86d1dfc0    00000080     ipc.ae674 : Ipc.obj (.text:HeapBufMP_Params_init)
                  86d1e040    00000080     rts6740_elf.lib : llshift.obj (.text:__c6xabi_llshl)
                  86d1e0c0    00000080                     : vsnprintf.obj (.text:_outs)
                  86d1e140    00000080     sysbios.ae674 : c62_TaskSupport_asm.obj (.text:_ti_sysbios_family_c62_TaskSupport_swap__E)
                  86d1e1c0    00000080     edma3_lld_rm.ae674 : edma3resmgr.oe674 (.text:edma3MemCpy)
                  86d1e240    00000080     edma3_lld_drv_sample.ae674 : sample_cs.oe674 (.text:edma3OsSemCreate)
                  86d1e2c0    00000080     rts6740_elf.lib : trgmsg.obj (.text:readmsg)
                  86d1e340    00000080     edma3_lld_drv_sample.ae674 : sample_ti814x_int_reg.oe674 (.text:sampleInitXbarEvt)
                  86d1e3c0    00000080     ipc.ae674 : Ipc.obj (.text:ti_sdo_ipc_family_c6a8149_InterruptDsp_intEveShmStub__I)
                  86d1e440    00000080               : Ipc.obj (.text:ti_sdo_ipc_notifyDrivers_NotifyDriverShm_Instance_finalize__F)
                  86d1e4c0    00000080               : Ipc.obj (.text:ti_sdo_ipc_nsremote_NameServerRemoteNotify_detach__E)
                  86d1e540    00000080               : Ipc.obj (.text:ti_sdo_ipc_transports_TransportShm_swiFxn__I)
                  86d1e5c0    00000080     BIOS_AVSDK_dsp_pe674.oe674 (.text:ti_sdo_utils_List_Object__create__S)
                  86d1e640    00000080     BIOS_AVSDK_dsp_pe674.oe674 (.text:ti_sysbios_BIOS_exitFunc__I)
                  86d1e6c0    00000080     sysbios.ae674 : BIOS.obj (.text:ti_sysbios_family_c62_TaskSupport_start__E)
                  86d1e740    00000080                   : BIOS.obj (.text:ti_sysbios_family_c64p_Cache_invL1pAll__E)
                  86d1e7c0    00000080     BIOS_AVSDK_dsp_pe674.oe674 (.text:ti_sysbios_gates_GateAll_Object__create__S)
                  86d1e840    00000080     BIOS_AVSDK_dsp_pe674.oe674 (.text:ti_sysbios_gates_GateHwi_Object__create__S)
                  86d1e8c0    00000080     BIOS_AVSDK_dsp_pe674.oe674 (.text:ti_sysbios_gates_GateMutexPri_Object__create__S)
                  86d1e940    00000080     BIOS_AVSDK_dsp_pe674.oe674 (.text:ti_sysbios_gates_GateMutex_Object__create__S)
                  86d1e9c0    00000080     BIOS_AVSDK_dsp_pe674.oe674 (.text:ti_sysbios_gates_GateSwi_Object__create__S)
                  86d1ea40    00000080     sysbios.ae674 : BIOS.obj (.text:ti_sysbios_gates_GateSwi_leave__E)
                  86d1eac0    00000080     BIOS_AVSDK_dsp_pe674.oe674 (.text:ti_sysbios_heaps_HeapMem_Object__create__S)
                  86d1eb40    00000080     BIOS_AVSDK_dsp_pe674.oe674 (.text:ti_sysbios_knl_Clock_doTick__I)
                  86d1ebc0    00000080     BIOS_AVSDK_dsp_pe674.oe674 (.text:ti_sysbios_knl_Queue_Object__create__S)
                  86d1ec40    00000080     sysbios.ae674 : BIOS.obj (.text:ti_sysbios_knl_Swi_startup__E)
                  86d1ecc0    00000080                   : BIOS.obj (.text:ti_sysbios_knl_Task_restore__E)
                  86d1ed40    00000080                   : BIOS.obj (.text:ti_sysbios_utils_Load_hwiEndHook__E)
                  86d1edc0    00000080                   : BIOS.obj (.text:ti_sysbios_utils_Load_swiEndHook__E)
                  86d1ee40    00000080     BIOS_AVSDK_dsp_pe674.oe674 (.text:ti_sysbios_xdcruntime_GateThreadSupport_Object__create__S)
                  86d1eec0    00000080     rts6740_elf.lib : lowlev.obj (.text:unlink)
                  86d1ef40    00000080                     : vsnprintf.obj (.text:vsnprintf)
                  86d1efc0    00000080     ti.targets.rts6000.ae674 : Core-label.oe674 (.text:xdc_runtime_Core_assignLabel__I)
                  86d1f040    00000080                              : Core-params.oe674 (.text:xdc_runtime_Core_assignParams__I)
                  86d1f0c0    00000080     BIOS_AVSDK_dsp_pe674.oe674 (.text:xdc_runtime_SysMin_output__I)
                  86d1f140    00000080     ti.targets.rts6000.ae674 : System.oe674 (.text:xdc_runtime_System_atexit__F)
                  86d1f1c0    00000080                              : System.oe674 (.text:xdc_runtime_System_rtsExit__I)
                  86d1f240    00000080                              : Text.oe674 (.text:xdc_runtime_Text_printVisFxn__I)
                  86d1f2c0    00000080                              : Text.oe674 (.text:xdc_runtime_Text_xprintf__I)
                  86d1f340    00000060     edma3_lld_rm.ae674 : edma3resmgr.oe674 (.text:EDMA3_RM_initXbarEventMap)
                  86d1f3a0    00000060     ipc.ae674 : Ipc.obj (.text:GateMP_Params_init)
                  86d1f400    00000060               : Ipc.obj (.text:HeapMemMP_Params_init)
                  86d1f460    00000060     rts6740_elf.lib : assert.obj (.text:__c6xabi_abort_msg)
                  86d1f4c0    00000060                     : llshift.obj (.text:__c6xabi_llshr)
                  86d1f520    00000060                     : imath64.obj (.text:_subcull)
                  86d1f580    00000060     edma3_lld_drv_sample.ae674 : sample_cs.oe674 (.text:edma3OsSemTake)
                  86d1f5e0    00000060     rts6740_elf.lib : fopen.obj (.text:fopen)
                  86d1f640    00000060                     : memccpy.obj (.text:memccpy)
                  86d1f6a0    00000060                     : sprintf.obj (.text:sprintf)
                  86d1f700    00000060                     : lowlev.obj (.text:tabinit)
                  86d1f760    00000060     BIOS_AVSDK_dsp_pe674.oe674 (.text:ti_sdo_ipc_GateMP_Object__delete__S)
                  86d1f7c0    00000060     BIOS_AVSDK_dsp_pe674.oe674 (.text:ti_sdo_ipc_ListMP_Object__delete__S)
                  86d1f820    00000060     BIOS_AVSDK_dsp_pe674.oe674 (.text:ti_sdo_ipc_MessageQ_Object__delete__S)
                  86d1f880    00000060     ipc.ae674 : Ipc.obj (.text:ti_sdo_ipc_family_c6a8149_NotifySetup_numIntLines__E)
                  86d1f8e0    00000060     BIOS_AVSDK_dsp_pe674.oe674 (.text:ti_sdo_ipc_gates_GateHWSpinlock_Handle__label__S)
                  86d1f940    00000060     BIOS_AVSDK_dsp_pe674.oe674 (.text:ti_sdo_ipc_gates_GateHWSpinlock_Object__delete__S)
                  86d1f9a0    00000060     BIOS_AVSDK_dsp_pe674.oe674 (.text:ti_sdo_ipc_gates_GateMPSupportNull_Handle__label__S)
                  86d1fa00    00000060     BIOS_AVSDK_dsp_pe674.oe674 (.text:ti_sdo_ipc_gates_GateMPSupportNull_Object__delete__S)
                  86d1fa60    00000060     BIOS_AVSDK_dsp_pe674.oe674 (.text:ti_sdo_ipc_gates_GatePeterson_Handle__label__S)
                  86d1fac0    00000060     ipc.ae674 : Ipc.obj (.text:ti_sdo_ipc_gates_GatePeterson_Instance_finalize__F)
                  86d1fb20    00000060     BIOS_AVSDK_dsp_pe674.oe674 (.text:ti_sdo_ipc_gates_GatePeterson_Object__delete__S)
                  86d1fb80    00000060     BIOS_AVSDK_dsp_pe674.oe674 (.text:ti_sdo_ipc_heaps_HeapBufMP_Handle__label__S)
                  86d1fbe0    00000060     BIOS_AVSDK_dsp_pe674.oe674 (.text:ti_sdo_ipc_heaps_HeapBufMP_Object__delete__S)
                  86d1fc40    00000060     BIOS_AVSDK_dsp_pe674.oe674 (.text:ti_sdo_ipc_heaps_HeapMemMP_Handle__label__S)
                  86d1fca0    00000060     BIOS_AVSDK_dsp_pe674.oe674 (.text:ti_sdo_ipc_heaps_HeapMemMP_Object__delete__S)
                  86d1fd00    00000060     BIOS_AVSDK_dsp_pe674.oe674 (.text:ti_sdo_ipc_notifyDrivers_NotifyDriverShm_Handle__label__S)
                  86d1fd60    00000060     BIOS_AVSDK_dsp_pe674.oe674 (.text:ti_sdo_ipc_notifyDrivers_NotifyDriverShm_Object__delete__S)
                  86d1fdc0    00000060     ipc.ae674 : Ipc.obj (.text:ti_sdo_ipc_notifyDrivers_NotifyDriverShm_setNotifyHandle__E)
                  86d1fe20    00000060     BIOS_AVSDK_dsp_pe674.oe674 (.text:ti_sdo_ipc_nsremote_NameServerRemoteNotify_Handle__label__S)
                  86d1fe80    00000060     BIOS_AVSDK_dsp_pe674.oe674 (.text:ti_sdo_ipc_nsremote_NameServerRemoteNotify_Object__delete__S)
                  86d1fee0    00000060     ipc.ae674 : Ipc.obj (.text:ti_sdo_ipc_transports_TransportShmSetup_sharedMemReq__E)
                  86d1ff40    00000060     BIOS_AVSDK_dsp_pe674.oe674 (.text:ti_sdo_ipc_transports_TransportShm_Handle__label__S)
                  86d1ffa0    00000060     BIOS_AVSDK_dsp_pe674.oe674 (.text:ti_sdo_ipc_transports_TransportShm_Object__delete__S)
                  86d20000    00000060     sysbios.ae674 : BIOS.obj (.text:ti_sysbios_BIOS_registerRTSLock__I)
                  86d20060    00000060                   : BIOS.obj (.text:ti_sysbios_family_c64p_Cache_setMar__E)
                  86d200c0    00000060                   : BIOS.obj (.text:ti_sysbios_family_c64p_EventCombiner_Module_startup__F)
                  86d20120    00000060                   : BIOS.obj (.text:ti_sysbios_family_c64p_EventCombiner_dispatchPlug__F)
                  86d20180    00000060                   : BIOS.obj (.text:ti_sysbios_family_c64p_Exception_Module_startup__F)
                  86d201e0    00000060     BIOS_AVSDK_dsp_pe674.oe674 (.text:ti_sysbios_family_c64p_Hwi_Object__delete__S)
                  86d20240    00000060     BIOS_AVSDK_dsp_pe674.oe674 (.text:ti_sysbios_gates_GateAll_Handle__label__S)
                  86d202a0    00000060     BIOS_AVSDK_dsp_pe674.oe674 (.text:ti_sysbios_gates_GateAll_Object__delete__S)
                  86d20300    00000060     sysbios.ae674 : BIOS.obj (.text:ti_sysbios_gates_GateAll_enter__E)
                  86d20360    00000060     BIOS_AVSDK_dsp_pe674.oe674 (.text:ti_sysbios_gates_GateHwi_Handle__label__S)
                  86d203c0    00000060     BIOS_AVSDK_dsp_pe674.oe674 (.text:ti_sysbios_gates_GateHwi_Object__delete__S)
                  86d20420    00000060     BIOS_AVSDK_dsp_pe674.oe674 (.text:ti_sysbios_gates_GateMutexPri_Handle__label__S)
                  86d20480    00000060     BIOS_AVSDK_dsp_pe674.oe674 (.text:ti_sysbios_gates_GateMutexPri_Object__delete__S)
                  86d204e0    00000060     BIOS_AVSDK_dsp_pe674.oe674 (.text:ti_sysbios_gates_GateMutex_Handle__label__S)
                  86d20540    00000060     sysbios.ae674 : BIOS.obj (.text:ti_sysbios_gates_GateMutex_Instance_init__F)
                  86d205a0    00000060     BIOS_AVSDK_dsp_pe674.oe674 (.text:ti_sysbios_gates_GateMutex_Object__delete__S)
                  86d20600    00000060     BIOS_AVSDK_dsp_pe674.oe674 (.text:ti_sysbios_gates_GateSwi_Handle__label__S)
                  86d20660    00000060     BIOS_AVSDK_dsp_pe674.oe674 (.text:ti_sysbios_gates_GateSwi_Object__delete__S)
                  86d206c0    00000060     BIOS_AVSDK_dsp_pe674.oe674 (.text:ti_sysbios_heaps_HeapMem_Handle__label__S)
                  86d20720    00000060     BIOS_AVSDK_dsp_pe674.oe674 (.text:ti_sysbios_heaps_HeapMem_Object__delete__S)
                  86d20780    00000060     sysbios.ae674 : BIOS.obj (.text:ti_sysbios_knl_Clock_Module_startup__F)
                  86d207e0    00000060     BIOS_AVSDK_dsp_pe674.oe674 (.text:ti_sysbios_knl_Semaphore_Object__delete__S)
                  86d20840    00000060     sysbios.ae674 : BIOS.obj (.text:ti_sysbios_knl_Semaphore_pendTimeout__I)
                  86d208a0    00000060                   : BIOS.obj (.text:ti_sysbios_knl_Task_enter__I)
                  86d20900    00000060     BIOS_AVSDK_dsp_pe674.oe674 (.text:ti_sysbios_syncs_SyncSem_Handle__label__S)
                  86d20960    00000060     BIOS_AVSDK_dsp_pe674.oe674 (.text:ti_sysbios_syncs_SyncSem_Object__delete__S)
                  86d209c0    00000060     sysbios.ae674 : BIOS.obj (.text:ti_sysbios_timers_dmtimer_Timer_getPeriod__E)
                  86d20a20    00000060                   : BIOS.obj (.text:ti_sysbios_timers_dmtimer_Timer_stub__E)
                  86d20a80    00000060     BIOS_AVSDK_dsp_pe674.oe674 (.text:ti_sysbios_xdcruntime_GateThreadSupport_Object__delete__S)
                  86d20ae0    00000060     ti.syslink.ipc.rtos.ae674 : Syslink.oe674 (.text:ti_syslink_ipc_rtos_Syslink_attach)
                  86d20b40    00000060     rts6740_elf.lib : trgmsg.obj (.text:writemsg)
                  86d20ba0    00000060     BIOS_AVSDK_dsp_pe674.oe674 (.text:xdc_runtime_GateNull_Handle__label__S)
                  86d20c00    00000060     BIOS_AVSDK_dsp_pe674.oe674 (.text:xdc_runtime_GateNull_Object__create__S)
                  86d20c60    00000060     BIOS_AVSDK_dsp_pe674.oe674 (.text:xdc_runtime_GateNull_Object__delete__S)
                  86d20cc0    00000060     ti.targets.rts6000.ae674 : Memory.oe674 (.text:xdc_runtime_Memory_calloc__F)
                  86d20d20    00000060                              : Memory.oe674 (.text:xdc_runtime_Memory_valloc__F)
                  86d20d80    00000060                              : SysMin.oe674 (.text:xdc_runtime_SysMin_Module_startup__F)
                  86d20de0    00000060                              : SysMin.oe674 (.text:xdc_runtime_SysMin_exit__F)
                  86d20e40    00000060                              : System.oe674 (.text:xdc_runtime_System_aprintf_va__F)
                  86d20ea0    00000060                              : System.oe674 (.text:xdc_runtime_System_printf_va__F)
                  86d20f00    00000060                              : Text.oe674 (.text:xdc_runtime_Text_cordText__F)
                  86d20f60    00000060     BIOS_AVSDK_dsp_pe674.oe674 (.text:xdc_runtime_knl_GateThread_Handle__label__S)
                  86d20fc0    00000060     BIOS_AVSDK_dsp_pe674.oe674 (.text:xdc_runtime_knl_GateThread_Object__delete__S)
                  86d21020    00000040     rts6740_elf.lib : frcmpyd_div.obj (.text:__c6xabi_frcmpyd_div)
                  86d21060    00000040                     : isinf.obj (.text:__c6xabi_isinf)
                  86d210a0    00000040                     : _printfi.obj (.text:__c6xabi_isnan)
                  86d210e0    00000040                     : llshift.obj (.text:__c6xabi_llshru)
                  86d21120    00000040                     : strasg.obj (.text:__strasgi_64plus)
                  86d21160    00000040                     : args_main.obj (.text:_args_main)
                  86d211a0    00000040                     : vsnprintf.obj (.text:_outc)
                  86d211e0    00000040                     : sprintf.obj (.text:_outs)
                  86d21220    00000040     sysbios.ae674 : c62_TaskSupport_asm.obj (.text:_ti_sysbios_family_c62_TaskSupport_buildTaskStack)
                  86d21260    00000040                   : c64p_Hwi_asm_switch.obj (.text:_ti_sysbios_family_xxx_Hwi_switchToIsrStack)
                  86d212a0    00000040     edma3_lld_drv_sample.ae674 : sample_cs.oe674 (.text:edma3OsSemDelete)
                  86d212e0    00000040                                : sample_cs.oe674 (.text:edma3OsSemGive)
                  86d21320    00000040     edma3_lld_rm.ae674 : edma3resmgr.oe674 (.text:edma3ParamCpy)
                  86d21360    00000040     BIOS_AVSDK_dsp_pe674.oe674 (.text:free)
                  86d213a0    00000040     rts6740_elf.lib : abs.obj (.text:llabs)
                  86d213e0    00000040     sysbios.ae674 : BIOS.obj (.text:rtsLock$0)
                  86d21420    00000040     edma3_lld_drv_sample.ae674 : sample_ti814x_int_reg.oe674 (.text:sampleMapXbarEvtToChan)
                  86d21460    00000040     ipc.ae674 : Ipc.obj (.text:ti_sdo_ipc_gates_GatePeterson_sharedMemReq__E)
                  86d214a0    00000040               : Ipc.obj (.text:ti_sdo_ipc_nsremote_NameServerRemoteNotify_sharedMemReq__E)
                  86d214e0    00000040     BIOS_AVSDK_dsp_pe674.oe674 (.text:ti_sdo_utils_NameServer_Module__startupDone__F)
                  86d21520    00000040     BIOS_AVSDK_dsp_pe674.oe674 (.text:ti_sdo_utils_NameServer_Object__get__S)
                  86d21560    00000040     BIOS_AVSDK_dsp_pe674.oe674 (.text:ti_sysbios_BIOS_startFunc__I)
                  86d215a0    00000040     sysbios.ae674 : BIOS.obj (.text:ti_sysbios_family_c64p_EventCombiner_disableEvent__F)
                  86d215e0    00000040                   : BIOS.obj (.text:ti_sysbios_family_c64p_EventCombiner_enableEvent__F)
                  86d21620    00000040                   : BIOS.obj (.text:ti_sysbios_family_c64p_EventCombiner_unused__F)
                  86d21660    00000040     BIOS_AVSDK_dsp_pe674.oe674 (.text:ti_sysbios_family_c64p_Hwi_Module__startupDone__F)
                  86d216a0    00000040     sysbios.ae674 : BIOS.obj (.text:ti_sysbios_family_c64p_Hwi_disableInterrupt__E)
                  86d216e0    00000040                   : BIOS.obj (.text:ti_sysbios_family_c64p_Hwi_enableInterrupt__E)
                  86d21720    00000040     BIOS_AVSDK_dsp_pe674.oe674 (.text:ti_sysbios_family_c64p_ti81xx_TimerSupport_Module__startupDone__F)
                  86d21760    00000040     sysbios.ae674 : BIOS.obj (.text:ti_sysbios_gates_GateMutexPri_Instance_init__F)
                  86d217a0    00000040     BIOS_AVSDK_dsp_pe674.oe674 (.text:ti_sysbios_gates_GateMutexPri_Object__destruct__S)
                  86d217e0    00000040     sysbios.ae674 : BIOS.obj (.text:ti_sysbios_gates_GateMutex_leave__E)
                  86d21820    00000040     BIOS_AVSDK_dsp_pe674.oe674 (.text:ti_sysbios_hal_Timer_Module__startupDone__F)
                  86d21860    00000040     BIOS_AVSDK_dsp_pe674.oe674 (.text:ti_sysbios_heaps_HeapMem_Object__get__S)
                  86d218a0    00000040     BIOS_AVSDK_dsp_pe674.oe674 (.text:ti_sysbios_knl_Clock_Object__destruct__S)
                  86d218e0    00000040     BIOS_AVSDK_dsp_pe674.oe674 (.text:ti_sysbios_knl_Semaphore_Object__destruct__S)
                  86d21920    00000040     BIOS_AVSDK_dsp_pe674.oe674 (.text:ti_sysbios_knl_Swi_Object__destruct__S)
                  86d21960    00000040     BIOS_AVSDK_dsp_pe674.oe674 (.text:ti_sysbios_knl_Swi_Object__get__S)
                  86d219a0    00000040     BIOS_AVSDK_dsp_pe674.oe674 (.text:ti_sysbios_knl_Task_Object__get__S)
                  86d219e0    00000040     sysbios.ae674 : BIOS.obj (.text:ti_sysbios_knl_Task_sleepTimeout__I)
                  86d21a20    00000040                   : BIOS.obj (.text:ti_sysbios_syncs_SyncSem_Instance_finalize__F)
                  86d21a60    00000040     BIOS_AVSDK_dsp_pe674.oe674 (.text:ti_sysbios_timers_dmtimer_Timer_Module__startupDone__F)
                  86d21aa0    00000040     sysbios.ae674 : BIOS.obj (.text:ti_sysbios_xdcruntime_GateThreadSupport_Instance_init__F)
                  86d21ae0    00000040     tsc_h.obj (.text)
                  86d21b20    00000040     ti.targets.rts6000.ae674 : Error.oe674 (.text:xdc_runtime_Error_check__F)
                  86d21b60    00000040                              : Error.oe674 (.text:xdc_runtime_Error_init__F)
                  86d21ba0    00000040                              : Memory.oe674 (.text:xdc_runtime_Memory_free__F)
                  86d21be0    00000040                              : Registry.oe674 (.text:xdc_runtime_Registry_findById__F)
                  86d21c20    00000040                              : System.oe674 (.text:xdc_runtime_System_abort__F)
                  86d21c60    00000040     BIOS_AVSDK_dsp_pe674.oe674 (.text:xdc_runtime_System_aprintf__E)
                  86d21ca0    00000040     BIOS_AVSDK_dsp_pe674.oe674 (.text:xdc_runtime_System_printf__E)
                  86d21ce0    00000040     BIOS_AVSDK_dsp_pe674.oe674 (.text:xdc_runtime_System_sprintf__E)
                  86d21d20    00000040     ti.targets.rts6000.ae674 : Text.oe674 (.text:xdc_runtime_Text_ropeText__F)
                  86d21d60    00000040                              : GateThread.oe674 (.text:xdc_runtime_knl_GateThread_Instance_finalize__F)
                  86d21da0    00000040                              : GateThread.oe674 (.text:xdc_runtime_knl_GateThread_Instance_init__F)
                  86d21de0    00000020     ipc.ae674 : Ipc.obj (.text:HeapBufMP_close)
                  86d21e00    00000020               : Ipc.obj (.text:HeapBufMP_delete)
                  86d21e20    00000020               : Ipc.obj (.text:MessageQ_delete)
                  86d21e40    00000020               : Ipc.obj (.text:MultiProc_self)
                  86d21e60    00000020     rts6740_elf.lib : errno.obj (.text:__c6xabi_errno_addr)
                  86d21e80    00000020                     : negll.obj (.text:__c6xabi_negll)
                  86d21ea0    00000020                     : trunc.obj (.text:__c6xabi_trunc)
                  86d21ec0    00000020                     : dtor_list.obj (.text:__cxa_atexit)
                  86d21ee0    00000020                     : dtor_list.obj (.text:__cxa_ia64_exit)
                  86d21f00    00000020     ti.targets.rts6000.ae674 : xdc_noinit.oe674 (.text:__xdc__init)
                  86d21f20    00000020     rts6740_elf.lib : _lock.obj (.text:_nop)
                  86d21f40    00000020                     : fprintf.obj (.text:_outc)
                  86d21f60    00000020                     : printf.obj (.text:_outc)
                  86d21f80    00000020                     : sprintf.obj (.text:_outc)
                  86d21fa0    00000020                     : fprintf.obj (.text:_outs)
                  86d21fc0    00000020                     : printf.obj (.text:_outs)
                  86d21fe0    00000020                     : _lock.obj (.text:_register_lock)
                  86d22000    00000020                     : _lock.obj (.text:_register_unlock)
                  86d22020    00000020     sysbios.ae674 : c62_TaskSupport_asm.obj (.text:_ti_sysbios_family_c62_TaskSupport_glue)
                  86d22040    00000020                   : c64p_Hwi_asm_switch.obj (.text:_ti_sysbios_family_xxx_Hwi_switchToTaskStack)
                  86d22060    00000020     rts6740_elf.lib : exit.obj (.text:abort)
                  86d22080    00000020                     : dtor_list.obj (.text:atexit)
                  86d220a0    00000020     edma3_lld_drv_sample.ae674 : sample_ti814x_cfg.oe674 (.text:determineProcId)
                  86d220c0    00000020     edma3_lld_rm.ae674 : edma3resmgr.oe674 (.text:edma3MemZero)
                  86d220e0    00000020     edma3_lld_drv_sample.ae674 : sample_ti814x_cfg.oe674 (.text:isGblConfigRequired)
                  86d22100    00000020     edma3_lld_rm.ae674 : edma3resmgr.oe674 (.text:lisrEdma3CCErrHandler0)
                  86d22120    00000020                        : edma3resmgr.oe674 (.text:lisrEdma3ComplHandler0)
                  86d22140    00000020                        : edma3resmgr.oe674 (.text:lisrEdma3TC0ErrHandler0)
                  86d22160    00000020                        : edma3resmgr.oe674 (.text:lisrEdma3TC1ErrHandler0)
                  86d22180    00000020                        : edma3resmgr.oe674 (.text:lisrEdma3TC2ErrHandler0)
                  86d221a0    00000020                        : edma3resmgr.oe674 (.text:lisrEdma3TC3ErrHandler0)
                  86d221c0    00000020                        : edma3resmgr.oe674 (.text:lisrEdma3TC4ErrHandler0)
                  86d221e0    00000020                        : edma3resmgr.oe674 (.text:lisrEdma3TC5ErrHandler0)
                  86d22200    00000020                        : edma3resmgr.oe674 (.text:lisrEdma3TC6ErrHandler0)
                  86d22220    00000020                        : edma3resmgr.oe674 (.text:lisrEdma3TC7ErrHandler0)
                  86d22240    00000020     sysbios.ae674 : BIOS.obj (.text:nullFunc$0)
                  86d22260    00000020     rts6740_elf.lib : remove.obj (.text:remove)
                  86d22280    00000020     BIOS_AVSDK_dsp_pe674.oe674 (.text:ti_sdo_ipc_GateMP_Params__init__S)
                  86d222a0    00000020     BIOS_AVSDK_dsp_pe674.oe674 (.text:ti_sdo_ipc_GateMP_RemoteCustom1Proxy_Object__create__S)
                  86d222c0    00000020     BIOS_AVSDK_dsp_pe674.oe674 (.text:ti_sdo_ipc_GateMP_RemoteCustom1Proxy_Object__delete__S)
                  86d222e0    00000020     BIOS_AVSDK_dsp_pe674.oe674 (.text:ti_sdo_ipc_GateMP_RemoteCustom1Proxy_Params__init__S)
                  86d22300    00000020     BIOS_AVSDK_dsp_pe674.oe674 (.text:ti_sdo_ipc_GateMP_RemoteCustom1Proxy_Proxy__abstract__S)
                  86d22320    00000020     BIOS_AVSDK_dsp_pe674.oe674 (.text:ti_sdo_ipc_GateMP_RemoteCustom1Proxy_Proxy__delegate__S)
                  86d22340    00000020     BIOS_AVSDK_dsp_pe674.oe674 (.text:ti_sdo_ipc_GateMP_RemoteCustom1Proxy_getReservedMask__E)
                  86d22360    00000020     BIOS_AVSDK_dsp_pe674.oe674 (.text:ti_sdo_ipc_GateMP_RemoteCustom1Proxy_sharedMemReq__E)
                  86d22380    00000020     BIOS_AVSDK_dsp_pe674.oe674 (.text:ti_sdo_ipc_GateMP_RemoteCustom2Proxy_Object__create__S)
                  86d223a0    00000020     BIOS_AVSDK_dsp_pe674.oe674 (.text:ti_sdo_ipc_GateMP_RemoteCustom2Proxy_Object__delete__S)
                  86d223c0    00000020     BIOS_AVSDK_dsp_pe674.oe674 (.text:ti_sdo_ipc_GateMP_RemoteCustom2Proxy_Params__init__S)
                  86d223e0    00000020     BIOS_AVSDK_dsp_pe674.oe674 (.text:ti_sdo_ipc_GateMP_RemoteCustom2Proxy_Proxy__abstract__S)
                  86d22400    00000020     BIOS_AVSDK_dsp_pe674.oe674 (.text:ti_sdo_ipc_GateMP_RemoteCustom2Proxy_Proxy__delegate__S)
                  86d22420    00000020     BIOS_AVSDK_dsp_pe674.oe674 (.text:ti_sdo_ipc_GateMP_RemoteCustom2Proxy_getReservedMask__E)
                  86d22440    00000020     BIOS_AVSDK_dsp_pe674.oe674 (.text:ti_sdo_ipc_GateMP_RemoteCustom2Proxy_sharedMemReq__E)
                  86d22460    00000020     BIOS_AVSDK_dsp_pe674.oe674 (.text:ti_sdo_ipc_GateMP_RemoteSystemProxy_Object__create__S)
                  86d22480    00000020     BIOS_AVSDK_dsp_pe674.oe674 (.text:ti_sdo_ipc_GateMP_RemoteSystemProxy_Object__delete__S)
                  86d224a0    00000020     BIOS_AVSDK_dsp_pe674.oe674 (.text:ti_sdo_ipc_GateMP_RemoteSystemProxy_Params__init__S)
                  86d224c0    00000020     BIOS_AVSDK_dsp_pe674.oe674 (.text:ti_sdo_ipc_GateMP_RemoteSystemProxy_Proxy__abstract__S)
                  86d224e0    00000020     BIOS_AVSDK_dsp_pe674.oe674 (.text:ti_sdo_ipc_GateMP_RemoteSystemProxy_Proxy__delegate__S)
                  86d22500    00000020     BIOS_AVSDK_dsp_pe674.oe674 (.text:ti_sdo_ipc_GateMP_RemoteSystemProxy_getReservedMask__E)
                  86d22520    00000020     BIOS_AVSDK_dsp_pe674.oe674 (.text:ti_sdo_ipc_GateMP_RemoteSystemProxy_sharedMemReq__E)
                  86d22540    00000020     BIOS_AVSDK_dsp_pe674.oe674 (.text:ti_sdo_ipc_GateMP_attach__E)
                  86d22560    00000020     BIOS_AVSDK_dsp_pe674.oe674 (.text:ti_sdo_ipc_GateMP_getRegion0ReservedSize__E)
                  86d22580    00000020     BIOS_AVSDK_dsp_pe674.oe674 (.text:ti_sdo_ipc_GateMP_getSharedAddr__E)
                  86d225a0    00000020     ipc.ae674 : Ipc.obj (.text:ti_sdo_ipc_GateMP_getSharedAddr__F)
                  86d225c0    00000020     BIOS_AVSDK_dsp_pe674.oe674 (.text:ti_sdo_ipc_GateMP_start__E)
                  86d225e0    00000020     BIOS_AVSDK_dsp_pe674.oe674 (.text:ti_sdo_ipc_ListMP_Params__init__S)
                  86d22600    00000020     BIOS_AVSDK_dsp_pe674.oe674 (.text:ti_sdo_ipc_MessageQ_Module_startup__E)
                  86d22620    00000020     BIOS_AVSDK_dsp_pe674.oe674 (.text:ti_sdo_ipc_MessageQ_Object__get__S)
                  86d22640    00000020     BIOS_AVSDK_dsp_pe674.oe674 (.text:ti_sdo_ipc_MessageQ_Params__init__S)
                  86d22660    00000020     BIOS_AVSDK_dsp_pe674.oe674 (.text:ti_sdo_ipc_MessageQ_SetupTransportProxy_attach__E)
                  86d22680    00000020     BIOS_AVSDK_dsp_pe674.oe674 (.text:ti_sdo_ipc_MessageQ_SetupTransportProxy_isRegistered__E)
                  86d226a0    00000020     BIOS_AVSDK_dsp_pe674.oe674 (.text:ti_sdo_ipc_MessageQ_SetupTransportProxy_sharedMemReq__E)
                  86d226c0    00000020     BIOS_AVSDK_dsp_pe674.oe674 (.text:ti_sdo_ipc_MessageQ_registerTransport__E)
                  86d226e0    00000020     BIOS_AVSDK_dsp_pe674.oe674 (.text:ti_sdo_ipc_MessageQ_unregisterTransport__E)
                  86d22700    00000020     BIOS_AVSDK_dsp_pe674.oe674 (.text:ti_sdo_ipc_Notify_Module_GateProxy_enter__E)
                  86d22720    00000020     BIOS_AVSDK_dsp_pe674.oe674 (.text:ti_sdo_ipc_Notify_Module_GateProxy_leave__E)
                  86d22740    00000020     BIOS_AVSDK_dsp_pe674.oe674 (.text:ti_sdo_ipc_Notify_Module_startup__E)
                  86d22760    00000020     BIOS_AVSDK_dsp_pe674.oe674 (.text:ti_sdo_ipc_Notify_SetupProxy_attach__E)
                  86d22780    00000020     BIOS_AVSDK_dsp_pe674.oe674 (.text:ti_sdo_ipc_Notify_SetupProxy_numIntLines__E)
                  86d227a0    00000020     BIOS_AVSDK_dsp_pe674.oe674 (.text:ti_sdo_ipc_Notify_SetupProxy_sharedMemReq__E)
                  86d227c0    00000020     BIOS_AVSDK_dsp_pe674.oe674 (.text:ti_sdo_ipc_Notify_exec__E)
                  86d227e0    00000020     BIOS_AVSDK_dsp_pe674.oe674 (.text:ti_sdo_ipc_SharedRegion_attach__E)
                  86d22800    00000020     BIOS_AVSDK_dsp_pe674.oe674 (.text:ti_sdo_ipc_SharedRegion_clearReservedMemory__E)
                  86d22820    00000020     BIOS_AVSDK_dsp_pe674.oe674 (.text:ti_sdo_ipc_SharedRegion_reserveMemory__E)
                  86d22840    00000020     BIOS_AVSDK_dsp_pe674.oe674 (.text:ti_sdo_ipc_SharedRegion_start__E)
                  86d22860    00000020     BIOS_AVSDK_dsp_pe674.oe674 (.text:ti_sdo_ipc_gates_GateHWSpinlock_Module_startup__E)
                  86d22880    00000020     BIOS_AVSDK_dsp_pe674.oe674 (.text:ti_sdo_ipc_gates_GateHWSpinlock_Params__init__S)
                  86d228a0    00000020     ipc.ae674 : Ipc.obj (.text:ti_sdo_ipc_gates_GateHWSpinlock_getReservedMask__E)
                  86d228c0    00000020     BIOS_AVSDK_dsp_pe674.oe674 (.text:ti_sdo_ipc_gates_GateHWSpinlock_query__E)
                  86d228e0    00000020     ipc.ae674 : Ipc.obj (.text:ti_sdo_ipc_gates_GateHWSpinlock_query__F)
                  86d22900    00000020               : Ipc.obj (.text:ti_sdo_ipc_gates_GateHWSpinlock_sharedMemReq__E)
                  86d22920    00000020               : Ipc.obj (.text:ti_sdo_ipc_gates_GateMPSupportNull_Instance_init__F)
                  86d22940    00000020     BIOS_AVSDK_dsp_pe674.oe674 (.text:ti_sdo_ipc_gates_GateMPSupportNull_Params__init__S)
                  86d22960    00000020     ipc.ae674 : Ipc.obj (.text:ti_sdo_ipc_gates_GateMPSupportNull_getReservedMask__E)
                  86d22980    00000020     BIOS_AVSDK_dsp_pe674.oe674 (.text:ti_sdo_ipc_gates_GateMPSupportNull_query__E)
                  86d229a0    00000020     ipc.ae674 : Ipc.obj (.text:ti_sdo_ipc_gates_GateMPSupportNull_query__F)
                  86d229c0    00000020               : Ipc.obj (.text:ti_sdo_ipc_gates_GateMPSupportNull_sharedMemReq__E)
                  86d229e0    00000020     BIOS_AVSDK_dsp_pe674.oe674 (.text:ti_sdo_ipc_gates_GatePeterson_Params__init__S)
                  86d22a00    00000020     ipc.ae674 : Ipc.obj (.text:ti_sdo_ipc_gates_GatePeterson_getReservedMask__E)
                  86d22a20    00000020     BIOS_AVSDK_dsp_pe674.oe674 (.text:ti_sdo_ipc_gates_GatePeterson_query__E)
                  86d22a40    00000020     ipc.ae674 : Ipc.obj (.text:ti_sdo_ipc_gates_GatePeterson_query__F)
                  86d22a60    00000020     BIOS_AVSDK_dsp_pe674.oe674 (.text:ti_sdo_ipc_heaps_HeapBufMP_Params__init__S)
                  86d22a80    00000020     BIOS_AVSDK_dsp_pe674.oe674 (.text:ti_sdo_ipc_heaps_HeapBufMP_getStats__E)
                  86d22aa0    00000020     BIOS_AVSDK_dsp_pe674.oe674 (.text:ti_sdo_ipc_heaps_HeapBufMP_isBlocking__E)
                  86d22ac0    00000020     ipc.ae674 : Ipc.obj (.text:ti_sdo_ipc_heaps_HeapBufMP_isBlocking__F)
                  86d22ae0    00000020     BIOS_AVSDK_dsp_pe674.oe674 (.text:ti_sdo_ipc_heaps_HeapMemMP_Params__init__S)
                  86d22b00    00000020     BIOS_AVSDK_dsp_pe674.oe674 (.text:ti_sdo_ipc_heaps_HeapMemMP_isBlocking__E)
                  86d22b20    00000020     ipc.ae674 : Ipc.obj (.text:ti_sdo_ipc_heaps_HeapMemMP_isBlocking__F)
                  86d22b40    00000020     BIOS_AVSDK_dsp_pe674.oe674 (.text:ti_sdo_ipc_notifyDrivers_NotifyDriverShm_InterruptProxy_intClear__E)
                  86d22b60    00000020     BIOS_AVSDK_dsp_pe674.oe674 (.text:ti_sdo_ipc_notifyDrivers_NotifyDriverShm_InterruptProxy_intDisable__E)
                  86d22b80    00000020     BIOS_AVSDK_dsp_pe674.oe674 (.text:ti_sdo_ipc_notifyDrivers_NotifyDriverShm_InterruptProxy_intEnable__E)
                  86d22ba0    00000020     BIOS_AVSDK_dsp_pe674.oe674 (.text:ti_sdo_ipc_notifyDrivers_NotifyDriverShm_InterruptProxy_intRegister__E)
                  86d22bc0    00000020     BIOS_AVSDK_dsp_pe674.oe674 (.text:ti_sdo_ipc_notifyDrivers_NotifyDriverShm_InterruptProxy_intSend__E)
                  86d22be0    00000020     BIOS_AVSDK_dsp_pe674.oe674 (.text:ti_sdo_ipc_notifyDrivers_NotifyDriverShm_InterruptProxy_intUnregister__E)
                  86d22c00    00000020     BIOS_AVSDK_dsp_pe674.oe674 (.text:ti_sdo_ipc_notifyDrivers_NotifyDriverShm_Params__init__S)
                  86d22c20    00000020     ipc.ae674 : Ipc.obj (.text:ti_sdo_ipc_notifyDrivers_NotifyDriverShm_disable__E)
                  86d22c40    00000020               : Ipc.obj (.text:ti_sdo_ipc_notifyDrivers_NotifyDriverShm_enable__E)
                  86d22c60    00000020     BIOS_AVSDK_dsp_pe674.oe674 (.text:ti_sdo_ipc_notifyDrivers_NotifyDriverShm_sharedMemReq__E)
                  86d22c80    00000020     BIOS_AVSDK_dsp_pe674.oe674 (.text:ti_sdo_ipc_nsremote_NameServerRemoteNotify_Object__first__S)
                  86d22ca0    00000020     BIOS_AVSDK_dsp_pe674.oe674 (.text:ti_sdo_ipc_nsremote_NameServerRemoteNotify_Object__next__S)
                  86d22cc0    00000020     BIOS_AVSDK_dsp_pe674.oe674 (.text:ti_sdo_ipc_nsremote_NameServerRemoteNotify_Params__init__S)
                  86d22ce0    00000020     ipc.ae674 : Ipc.obj (.text:ti_sdo_ipc_nsremote_NameServerRemoteNotify_cbFxn__I)
                  86d22d00    00000020     BIOS_AVSDK_dsp_pe674.oe674 (.text:ti_sdo_ipc_nsremote_NameServerRemoteNotify_get__E)
                  86d22d20    00000020     ipc.ae674 : Ipc.obj (.text:ti_sdo_ipc_transports_TransportShmSetup_isRegistered__E)
                  86d22d40    00000020     BIOS_AVSDK_dsp_pe674.oe674 (.text:ti_sdo_ipc_transports_TransportShm_Params__init__S)
                  86d22d60    00000020     ipc.ae674 : Ipc.obj (.text:ti_sdo_ipc_transports_TransportShm_control__E)
                  86d22d80    00000020               : Ipc.obj (.text:ti_sdo_ipc_transports_TransportShm_getStatus__E)
                  86d22da0    00000020               : Ipc.obj (.text:ti_sdo_ipc_transports_TransportShm_notifyFxn__I)
                  86d22dc0    00000020     BIOS_AVSDK_dsp_pe674.oe674 (.text:ti_sdo_ipc_transports_TransportShm_openByAddr__E)
                  86d22de0    00000020     BIOS_AVSDK_dsp_pe674.oe674 (.text:ti_sdo_ipc_transports_TransportShm_setErrFxn__E)
                  86d22e00    00000020     ipc.ae674 : Ipc.obj (.text:ti_sdo_ipc_transports_TransportShm_setErrFxn__F)
                  86d22e20    00000020     BIOS_AVSDK_dsp_pe674.oe674 (.text:ti_sdo_ipc_transports_TransportShm_sharedMemReq__E)
                  86d22e40    00000020     ipc.ae674 : Ipc.obj (.text:ti_sdo_utils_List_Instance_init__F)
                  86d22e60    00000020     BIOS_AVSDK_dsp_pe674.oe674 (.text:ti_sdo_utils_List_Object__destruct__S)
                  86d22e80    00000020     BIOS_AVSDK_dsp_pe674.oe674 (.text:ti_sdo_utils_List_Object__get__S)
                  86d22ea0    00000020     BIOS_AVSDK_dsp_pe674.oe674 (.text:ti_sdo_utils_MultiProc_getClusterId__E)
                  86d22ec0    00000020     ipc.ae674 : Ipc.obj (.text:ti_sdo_utils_MultiProc_getClusterId__F)
                  86d22ee0    00000020     BIOS_AVSDK_dsp_pe674.oe674 (.text:ti_sdo_utils_NameServer_Module__startupDone__S)
                  86d22f00    00000020     BIOS_AVSDK_dsp_pe674.oe674 (.text:ti_sdo_utils_NameServer_Module_startup__E)
                  86d22f20    00000020     BIOS_AVSDK_dsp_pe674.oe674 (.text:ti_sdo_utils_NameServer_Object__first__S)
                  86d22f40    00000020     BIOS_AVSDK_dsp_pe674.oe674 (.text:ti_sdo_utils_NameServer_Object__next__S)
[...]
86d89e98   ti_sdo_utils_INameServerRemote_Interface__BASE__C
86d89e9c   ti_sdo_utils_MultiProc_A_invalidMultiProcId__C
86d89ea0   ti_sdo_utils_MultiProc_Module__diagsEnabled__C
86d89ea4   ti_sdo_utils_MultiProc_Module__diagsIncluded__C
86d89ea8   ti_sdo_utils_MultiProc_Module__diagsMask__C
86d89eac   ti_sdo_utils_MultiProc_nameList__C
86d89eb0   ti_sdo_utils_MultiProc_procIdList__C
86d89eb4   ti_sdo_utils_NameServer_A_invArgument__C
86d89eb8   ti_sdo_utils_NameServer_A_invalidLen__C
86d89ebc   ti_sdo_utils_NameServer_E_entryExists__C
86d89ec0   ti_sdo_utils_NameServer_E_maxReached__C
86d89ec4   ti_sdo_utils_NameServer_Instance_State_freeList__O
86d89ec8   ti_sdo_utils_NameServer_Instance_State_nameList__O
86d89ecc   ti_sdo_utils_NameServer_Module__diagsEnabled__C
86d89ed0   ti_sdo_utils_NameServer_Module__diagsIncluded__C
86d89ed4   ti_sdo_utils_NameServer_Module__diagsMask__C
86d89ed8   ti_sdo_utils_NameServer_Object__count__C
86d89edc   ti_sysbios_BIOS_Module__diagsEnabled__C
86d89ee0   ti_sysbios_BIOS_Module__diagsIncluded__C
86d89ee4   ti_sysbios_BIOS_Module__diagsMask__C
86d89ee8   ti_sysbios_BIOS_installedErrorHook__C
86d89eec   ti_sysbios_family_c62_TaskSupport_stackAlignment__C
86d89ef0   ti_sysbios_family_c64p_Cache_EMIFA_BASE__C
86d89ef4   ti_sysbios_family_c64p_Cache_EMIFA_CFG__C
86d89ef8   ti_sysbios_family_c64p_Cache_EMIFA_LENGTH__C
86d89efc   ti_sysbios_family_c64p_Cache_EMIFB_BASE__C
86d89f00   ti_sysbios_family_c64p_Cache_EMIFB_CFG__C
86d89f04   ti_sysbios_family_c64p_Cache_EMIFB_LENGTH__C
86d89f08   ti_sysbios_family_c64p_Cache_EMIFC_BASE__C
86d89f0c   ti_sysbios_family_c64p_Cache_EMIFC_CFG__C
86d89f10   ti_sysbios_family_c64p_Cache_EMIFC_LENGTH__C
86d89f14   ti_sysbios_family_c64p_Cache_MAR0_31__C
86d89f18   ti_sysbios_family_c64p_Cache_MAR128_159__C
86d89f1c   ti_sysbios_family_c64p_Cache_MAR160_191__C
86d89f20   ti_sysbios_family_c64p_Cache_MAR192_223__C
86d89f24   ti_sysbios_family_c64p_Cache_MAR224_255__C
86d89f28   ti_sysbios_family_c64p_Cache_MAR32_63__C
86d89f2c   ti_sysbios_family_c64p_Cache_MAR64_95__C
86d89f30   ti_sysbios_family_c64p_Cache_MAR96_127__C
86d89f34   ti_sysbios_family_c64p_EventCombiner_E_unpluggedEvent__C
86d89f38   ti_sysbios_family_c64p_Exception_E_exceptionMin__C
86d89f3c   ti_sysbios_family_c64p_Exception_exceptionHook__C
86d89f40   ti_sysbios_family_c64p_Exception_externalHook__C
86d89f44   ti_sysbios_family_c64p_Exception_internalHook__C
86d89f48   ti_sysbios_family_c64p_Exception_nmiHook__C
86d89f4c   ti_sysbios_family_c64p_Hwi_E_alreadyDefined__C
86d89f50   ti_sysbios_family_c64p_Hwi_E_handleNotFound__C
86d89f54   ti_sysbios_family_c64p_Hwi_LD_end__C
86d89f58   ti_sysbios_family_c64p_Hwi_LM_begin__C
86d89f5c   ti_sysbios_family_c64p_Hwi_Module__diagsEnabled__C
86d89f60   ti_sysbios_family_c64p_Hwi_Module__diagsIncluded__C
86d89f64   ti_sysbios_family_c64p_Hwi_Module__diagsMask__C
86d89f68   ti_sysbios_family_c64p_Hwi_Module__loggerFxn1__C
86d89f6c   ti_sysbios_family_c64p_Hwi_Module__loggerFxn8__C
86d89f70   ti_sysbios_family_c64p_Hwi_Module__loggerObj__C
86d89f74   ti_sysbios_family_c64p_Hwi_Object__heap__C
86d89f78   ti_sysbios_gates_GateMutexPri_A_badContext__C
86d89f7c   ti_sysbios_gates_GateMutexPri_Instance_State_pendQ__O
86d89f80   ti_sysbios_gates_GateMutexPri_Module__diagsEnabled__C
86d89f84   ti_sysbios_gates_GateMutexPri_Module__diagsIncluded__C
86d89f88   ti_sysbios_gates_GateMutexPri_Module__diagsMask__C
86d89f8c   ti_sysbios_gates_GateMutex_A_badContext__C
86d89f90   ti_sysbios_gates_GateMutex_Instance_State_sem__O
86d89f94   ti_sysbios_gates_GateMutex_Module__diagsEnabled__C
86d89f98   ti_sysbios_gates_GateMutex_Module__diagsIncluded__C
86d89f9c   ti_sysbios_gates_GateMutex_Module__diagsMask__C
86d89fa0   ti_sysbios_gates_GateSwi_A_badContext__C
86d89fa4   ti_sysbios_gates_GateSwi_Module__diagsEnabled__C
86d89fa8   ti_sysbios_gates_GateSwi_Module__diagsIncluded__C
86d89fac   ti_sysbios_gates_GateSwi_Module__diagsMask__C
86d89fb0   ti_sysbios_heaps_HeapMem_A_align__C
86d89fb4   ti_sysbios_heaps_HeapMem_A_heapSize__C
86d89fb8   ti_sysbios_heaps_HeapMem_A_invalidFree__C
86d89fbc   ti_sysbios_heaps_HeapMem_A_zeroBlock__C
86d89fc0   ti_sysbios_heaps_HeapMem_E_memory__C
86d89fc4   ti_sysbios_heaps_HeapMem_Module__diagsEnabled__C
86d89fc8   ti_sysbios_heaps_HeapMem_Module__diagsIncluded__C
86d89fcc   ti_sysbios_heaps_HeapMem_Module__diagsMask__C
86d89fd0   ti_sysbios_heaps_HeapMem_Module__gateObj__C
86d89fd4   ti_sysbios_heaps_HeapMem_Object__count__C
86d89fd8   ti_sysbios_heaps_HeapMem_reqAlign__C
86d89fdc   ti_sysbios_knl_Clock_A_badThreadType__C
86d89fe0   ti_sysbios_knl_Clock_LM_begin__C
86d89fe4   ti_sysbios_knl_Clock_LM_tick__C
86d89fe8   ti_sysbios_knl_Clock_LW_delayed__C
86d89fec   ti_sysbios_knl_Clock_Module_State_clockQ__O
86d89ff0   ti_sysbios_knl_Clock_Module__diagsEnabled__C
86d89ff4   ti_sysbios_knl_Clock_Module__diagsIncluded__C
86d89ff8   ti_sysbios_knl_Clock_Module__diagsMask__C
86d89ffc   ti_sysbios_knl_Clock_Module__loggerFxn1__C
86d8a000   ti_sysbios_knl_Clock_Module__loggerFxn2__C
86d8a004   ti_sysbios_knl_Clock_Module__loggerObj__C
86d8a008   ti_sysbios_knl_Clock_tickPeriod__C
86d8a00c   ti_sysbios_knl_Semaphore_A_badContext__C
86d8a010   ti_sysbios_knl_Idle_coreList__A
86d8a014   ti_sysbios_knl_Semaphore_A_noEvents__C
86d8a018   ti_sysbios_knl_Idle_funcList__A
86d8a01c   ti_sysbios_knl_Semaphore_A_overflow__C
86d8a020   ti_sysbios_knl_Semaphore_Instance_State_pendQ__O
86d8a024   ti_sysbios_knl_Semaphore_LM_pend__C
86d8a028   ti_sysbios_knl_Semaphore_LM_post__C
86d8a02c   ti_sysbios_knl_Semaphore_Module__diagsEnabled__C
86d8a030   ti_sysbios_knl_Semaphore_Module__diagsIncluded__C
86d8a034   ti_sysbios_knl_Semaphore_Module__diagsMask__C
86d8a038   ti_sysbios_knl_Semaphore_Module__loggerFxn2__C
86d8a03c   ti_sysbios_knl_Semaphore_Module__loggerFxn4__C
86d8a040   ti_sysbios_knl_Semaphore_Module__loggerObj__C
86d8a044   ti_sysbios_knl_Swi_A_badPriority__C
86d8a048   ti_sysbios_knl_Swi_LD_end__C
86d8a04c   ti_sysbios_knl_Swi_LM_begin__C
86d8a050   ti_sysbios_knl_Swi_LM_post__C
86d8a054   ti_sysbios_knl_Swi_Module__diagsEnabled__C
86d8a058   ti_sysbios_knl_Swi_Module__diagsIncluded__C
86d8a05c   ti_sysbios_knl_Swi_Module__diagsMask__C
86d8a060   ti_sysbios_knl_Swi_Module__loggerFxn1__C
86d8a064   ti_sysbios_knl_Swi_Module__loggerFxn4__C
86d8a068   ti_sysbios_knl_Swi_Module__loggerObj__C
86d8a06c   ti_sysbios_knl_Swi_Object__count__C
86d8a070   ti_sysbios_knl_Swi_Object__heap__C
86d8a074   ti_sysbios_knl_Swi_numConstructedSwis__C
86d8a078   ti_sysbios_knl_Task_A_badPriority__C
86d8a07c   ti_sysbios_knl_Task_A_badTaskState__C
86d8a080   ti_sysbios_knl_Task_A_badThreadType__C
86d8a084   ti_sysbios_knl_Task_A_badTimeout__C
86d8a088   ti_sysbios_knl_Task_A_noPendElem__C
86d8a08c   ti_sysbios_knl_Task_LD_block__C
86d8a090   ti_sysbios_knl_Task_LD_exit__C
86d8a094   ti_sysbios_knl_Task_LD_ready__C
86d8a098   ti_sysbios_knl_Task_LM_setPri__C
86d8a09c   ti_sysbios_knl_Task_LM_sleep__C
86d8a0a0   ti_sysbios_knl_Task_LM_switch__C
86d8a0a4   ti_sysbios_knl_Task_LM_yield__C
86d8a0a8   ti_sysbios_knl_Task_Module_State_inactiveQ__O
86d8a0ac   ti_sysbios_knl_Task_Module__diagsEnabled__C
86d8a0b0   ti_sysbios_knl_Task_Module__diagsIncluded__C
86d8a0b4   ti_sysbios_knl_Task_Module__diagsMask__C
86d8a0b8   ti_sysbios_knl_Task_Module__loggerFxn2__C
86d8a0bc   ti_sysbios_knl_Task_Module__loggerFxn4__C
86d8a0c0   ti_sysbios_knl_Task_Module__loggerObj__C
86d8a0c4   ti_sysbios_knl_Task_Object__count__C
86d8a0c8   ti_sysbios_knl_Task_Object__heap__C
86d8a0cc   ti_sysbios_knl_Task_allBlockedFunc__C
86d8a0d0   ti_sysbios_knl_Task_defaultStackHeap__C
86d8a0d4   ti_sysbios_knl_Task_defaultStackSize__C
86d8a0d8   ti_sysbios_knl_Task_numConstructedTasks__C
86d8a0dc   ti_sysbios_syncs_SyncSem_Module__diagsEnabled__C
86d8a0e0   ti_sysbios_syncs_SyncSem_Module__diagsIncluded__C
86d8a0e4   ti_sysbios_syncs_SyncSem_Module__diagsMask__C
86d8a0e8   ti_sysbios_timers_dmtimer_Timer_E_cannotSupport__C
86d8a0ec   ti_sysbios_timers_dmtimer_Timer_E_freqMismatch__C
86d8a0f0   ti_sysbios_timers_dmtimer_Timer_Module__diagsEnabled__C
86d8a0f4   ti_sysbios_timers_dmtimer_Timer_Module__diagsIncluded__C
86d8a0f8   ti_sysbios_timers_dmtimer_Timer_Module__diagsMask__C
86d8a0fc   ti_sysbios_timers_dmtimer_Timer_numTimerDevices__C
86d8a100   ti_sysbios_utils_Load_LS_cpuLoad__C
86d8a104   ti_sysbios_utils_Load_LS_hwiLoad__C
86d8a108   ti_sysbios_utils_Load_LS_swiLoad__C
86d8a10c   ti_sysbios_utils_Load_LS_taskLoad__C
86d8a110   ti_sysbios_utils_Load_Module_State_taskList__O
86d8a114   ti_sysbios_utils_Load_Module__diagsEnabled__C
86d8a118   ti_sysbios_utils_Load_Module__diagsIncluded__C
86d8a11c   ti_sysbios_utils_Load_Module__diagsMask__C
86d8a120   ti_sysbios_utils_Load_Module__loggerFxn1__C
86d8a124   ti_sysbios_utils_Load_Module__loggerFxn2__C
86d8a128   ti_sysbios_utils_Load_Module__loggerFxn4__C
86d8a12c   ti_sysbios_utils_Load_Module__loggerObj__C
86d8a130   ti_sysbios_utils_Load_postUpdate__C
86d8a134   ti_sysbios_utils_Load_windowInMs__C
86d8a138   ti_sysbios_xdcruntime_GateThreadSupport_Instance_State_gate__O
86d8a13c   xdc_runtime_Assert_E_assertFailed__C
86d8a140   xdc_runtime_Core_A_initializedParams__C
86d8a144   xdc_runtime_Core_Module__diagsEnabled__C
86d8a148   xdc_runtime_Core_Module__diagsIncluded__C
86d8a14c   xdc_runtime_Core_Module__diagsMask__C
86d8a150   xdc_runtime_Error_E_generic__C
86d8a154   xdc_runtime_Error_E_memory__C
86d8a158   xdc_runtime_Error_Module__diagsEnabled__C
86d8a15c   xdc_runtime_Error_Module__diagsIncluded__C
86d8a160   xdc_runtime_Error_Module__diagsMask__C
86d8a164   xdc_runtime_Error_Module__loggerFxn8__C
86d8a168   xdc_runtime_Error_Module__loggerObj__C
86d8a16c   xdc_runtime_Error_policy__C
86d8a170   xdc_runtime_Error_raiseHook__C
86d8a174   xdc_runtime_IGateProvider_Interface__BASE__C
86d8a178   xdc_runtime_IHeap_Interface__BASE__C
86d8a17c   xdc_runtime_IModule_Interface__BASE__C
86d8a180   xdc_runtime_Log_L_error__C
86d8a184   xdc_runtime_Memory_defaultHeapInstance__C
86d8a188   xdc_runtime_Startup_execImpl__C
86d8a18c   xdc_runtime_Startup_maxPasses__C
86d8a190   xdc_runtime_Startup_firstFxns__A
86d8a194   xdc_runtime_Startup_sfxnRts__C
86d8a198   xdc_runtime_Startup_lastFxns__A
86d8a19c   xdc_runtime_Startup_sfxnTab__C
86d8a1a0   xdc_runtime_SysMin_bufSize__C
86d8a1a4   xdc_runtime_SysMin_outputFunc__C
86d8a1a8   xdc_runtime_System_Module__gateObj__C
86d8a1ac   xdc_runtime_System_extendFxn__C
86d8a1b0   xdc_runtime_System_maxAtexitHandlers__C
86d8a1b4   xdc_runtime_Text_charTab__C
86d8a1b8   xdc_runtime_Text_nameEmpty__C
86d8a1bc   xdc_runtime_Text_nameStatic__C
86d8a1c0   xdc_runtime_Text_nameUnknown__C
86d8a1c4   xdc_runtime_Text_nodeTab__C
86d8a1c8   xdc_runtime_Text_visitRopeFxn__C
86d8a1cc   xdc_runtime_knl_ISync_Interface__BASE__C
86d8a1d0   ti_sdo_ipc_GateMP_Module__id__C
86d8a1d4   ti_sdo_ipc_GateMP_Module__loggerDefined__C
86d8a1d8   ti_sdo_ipc_Ipc_Module__id__C
86d8a1dc   ti_sdo_ipc_Ipc_generateSlaveDataForHost__C
86d8a1e0   ti_sdo_ipc_ListMP_Module__id__C
86d8a1e4   ti_sdo_ipc_MessageQ_Module__id__C
86d8a1e8   ti_sdo_ipc_MessageQ_Module__loggerDefined__C
86d8a1ec   ti_sdo_ipc_Notify_Module__id__C
86d8a1f0   ti_sdo_ipc_Notify_numLines__C
86d8a1f4   ti_sdo_ipc_Notify_reservedEvents__C
86d8a1f8   ti_sdo_ipc_SharedRegion_Module__id__C
86d8a1fc   ti_sdo_ipc_SharedRegion_numEntries__C
86d8a200   ti_sdo_ipc_SharedRegion_translate__C
86d8a204   ti_sdo_ipc_family_c6a8149_InterruptDsp_Module__id__C
86d8a208   ti_sdo_ipc_gates_GateHWSpinlock_Module__id__C
86d8a20c   ti_sdo_ipc_gates_GateHWSpinlock_Module__loggerDefined__C
86d8a210   ti_sdo_ipc_gates_GateMPSupportNull_Module__id__C
86d8a214   ti_sdo_ipc_gates_GatePeterson_Module__id__C
86d8a218   ti_sdo_ipc_heaps_HeapBufMP_Module__id__C
86d8a21c   ti_sdo_ipc_heaps_HeapBufMP_trackAllocs__C
86d8a220   ti_sdo_ipc_heaps_HeapMemMP_Module__id__C
86d8a224   ti_sdo_ipc_notifyDrivers_NotifyDriverShm_Module__id__C
86d8a228   ti_sdo_ipc_nsremote_NameServerRemoteNotify_Module__id__C
86d8a22c   ti_sdo_ipc_transports_TransportShm_Module__id__C
86d8a230   ti_sdo_ipc_transports_TransportShm_notifyEventId__C
86d8a234   ti_sdo_utils_MultiProc_Module__id__C
86d8a238   ti_sdo_utils_MultiProc_numProcessors__C
86d8a23c   ti_sdo_utils_MultiProc_numProcsInCluster__C
86d8a240   ti_sdo_utils_NameServer_Module__id__C
86d8a244   ti_sdo_utils_NameServer_singleProcessor__C
86d8a248   ti_sysbios_BIOS_Module__id__C
86d8a24c   ti_sysbios_family_c64p_EventCombiner_Module__id__C
86d8a250   ti_sysbios_family_c64p_Exception_Module__id__C
86d8a254   ti_sysbios_family_c64p_Hwi_Module__id__C
86d8a258   ti_sysbios_family_c64p_Hwi_Module__loggerDefined__C
86d8a25c   ti_sysbios_gates_GateMutexPri_Module__id__C
86d8a260   ti_sysbios_gates_GateMutex_Module__id__C
86d8a264   ti_sysbios_gates_GateSwi_Module__id__C
86d8a268   ti_sysbios_heaps_HeapMem_Module__id__C
86d8a26c   ti_sysbios_knl_Clock_Module__id__C
86d8a270   ti_sysbios_knl_Clock_Module__loggerDefined__C
86d8a274   ti_sysbios_knl_Semaphore_Module__id__C
86d8a278   ti_sysbios_knl_Semaphore_Module__loggerDefined__C
86d8a27c   ti_sysbios_knl_Swi_Module__id__C
86d8a280   ti_sysbios_knl_Swi_Module__loggerDefined__C
86d8a284   ti_sysbios_knl_Task_Module__id__C
86d8a288   ti_sysbios_knl_Task_Module__loggerDefined__C
86d8a28c   ti_sysbios_knl_Task_initStackFlag__C
86d8a290   ti_sysbios_syncs_SyncSem_Module__id__C
86d8a294   ti_sysbios_timers_dmtimer_Timer_Module__id__C
86d8a298   ti_sysbios_timers_dmtimer_Timer_checkFrequency__C
86d8a29c   ti_sysbios_timers_dmtimer_Timer_startupNeeded__C
86d8a2a0   ti_sysbios_utils_Load_Module__id__C
86d8a2a4   ti_sysbios_utils_Load_Module__loggerDefined__C
86d8a2a8   ti_sysbios_utils_Load_autoAddTasks__C
86d8a2ac   ti_sysbios_utils_Load_hwiEnabled__C
86d8a2b0   ti_sysbios_utils_Load_swiEnabled__C
86d8a2b4   ti_sysbios_utils_Load_taskEnabled__C
86d8a2b8   ti_sysbios_utils_Load_updateInIdle__C
86d8a2bc   xdc_runtime_Core_Module__id__C
86d8a2c0   xdc_runtime_Error_Module__loggerDefined__C
86d8a2c4   xdc_runtime_Error_maxDepth__C
86d8a2c8   xdc_runtime_Memory_Module__id__C
86d8a2cc   xdc_runtime_SysMin_flushAtExit__C
86d8a2d0   xdc_runtime_Text_charCnt__C
86d8a2d4   xdc_runtime_Text_isLoaded__C
86d8a2d8   xdc_runtime_Text_registryModsLastId__C
86d8a2dc   xdc_runtime_Text_unnamedModsLastId__C
86d8a2e0   __CIOBUF_
86d8a400   ti_sysbios_family_c64p_Hwi0
86d8a400   ti_sysbios_family_c64p_Hwi_int0
86d8a420   ti_sysbios_family_c64p_Hwi_int1
86d8a440   ti_sysbios_family_c64p_Hwi_int2
86d8a460   ti_sysbios_family_c64p_Hwi_int3
86d8a480   ti_sysbios_family_c64p_Hwi_int4
86d8a4a0   ti_sysbios_family_c64p_Hwi_int5
86d8a4c0   ti_sysbios_family_c64p_Hwi_int6
86d8a4e0   ti_sysbios_family_c64p_Hwi_int7
86d8a500   ti_sysbios_family_c64p_Hwi_int8
86d8a520   ti_sysbios_family_c64p_Hwi_int9
86d8a540   ti_sysbios_family_c64p_Hwi_int10
86d8a560   ti_sysbios_family_c64p_Hwi_int11
86d8a580   ti_sysbios_family_c64p_Hwi_int12
86d8a5a0   ti_sysbios_family_c64p_Hwi_int13
86d8a5c0   ti_sysbios_family_c64p_Hwi_int14
86d8a5e0   ti_sysbios_family_c64p_Hwi_int15
86d8b000   __TI_STATIC_BASE
86d9a060   pt_externalMemory
86d9a064   saladbowlFocalLength
86d9a068   hSemaCpyDone
86d9a06c   counter_get0_1
86d9a070   dataFormat
86d9a074   Output_GridSize
86d9a078   Input_GridSize
86d9a07c   inpersmatPtr
86d9a080   GPtr1
86d9a084   inGALUTPtr
86d9a088   GPtr2
86d9a08c   inGALUTreminderPtr
86d9a090   PPtr3
86d9a094   outStatLUTPtr
86d9a098   PPtr4
86d9a09c   pPAlignOutPtr
86d9a0a0   control_cmd
86d9a0a4   control_set_value
86d9a0a8   control_get_value
86d9a0ac   svSynthesisAlgHandle
86d9a0b0   svSHandle
86d9a0b4   svPAlignAlgHandle
86d9a0b8   svPHandle
86d9a0bc   svGAlignAlgHandle
86d9a0c0   svGHandle
86d9a0e0   gEdma_ChId
86d9a0e4   gTcc
86d9a0e8   memRearCamAfterFishEyeCorrection
86d9a0f0   dsp_num
86d9a0f4   region_id
86d9a0f8   car_yuv_len
86d9a0fc   car6_out_yuv_len
86d9a100   yuv_bar_yuv_len
86d9a104   yuv_bar_h_yuv_len
86d9a108   yuv_car_yuv_len
86d9a10c   yuv_menu_colab_clb_yuv_len
86d9a110   yuv_menu_colab_clb_h_yuv_len
86d9a114   yuv_colab_wp_yuv_len
86d9a118   yuv_colab_wp_h_yuv_len
86d9a11c   yuv_menu_adv_yuv_len
86d9a120   yuv_menu_adv_h_yuv_len
86d9a124   yuv_menu_cola_yuv_len
86d9a128   yuv_menu_cola_h_yuv_len
86d9a12c   yuv_menu_param_yuv_len
86d9a130   yuv_menu_param_h_yuv_len
86d9a134   yuv_menu_upd_yuv_len
86d9a138   yuv_menu_upd_h_yuv_len
86d9a13c   yuv_menu_photo_yuv_len
86d9a140   yuv_menu_photo_h_yuv_len
86d9a144   yuv_ret_err_yuv_len
86d9a148   yuv_ret_ok_yuv_len
86d9a14c   yuv_sep_yuv_len
86d9a150   yuv_tip_yuv_len
86d9a154   yuv_title_adv_yuv_len
86d9a158   yuv_title_colab_yuv_len
86d9a15c   yuv_title_menu_yuv_len
86d9a160   yuv_title_param_yuv_len
86d9a164   yuv_title_upg_yuv_len
86d9a168   yuv_left_yuv_len
86d9a16c   yuv_right_yuv_len
86d9a170   yuv_front_yuv_len
86d9a174   yuv_back_yuv_len
86d9a178   yuv_warn_yuv_len
86d9a17c   yuv_notice1_yuv_len
86d9a180   yuv_notice2_yuv_len
86d9a184   yuv_num1_yuv_len
86d9a188   yuv_num2_yuv_len
86d9a18c   yuv_m1_yuv_len
86d9a190   yuv_m2_yuv_len
86d9a194   yuv_g0_yuv_len
86d9a198   yuv_g1_yuv_len
86d9a19c   yuv_g2_yuv_len
86d9a1a0   yuv_g3_yuv_len
86d9a1a4   yuv_g4_yuv_len
86d9a1a8   yuv_g5_yuv_len
86d9a1ac   yuv_g6_yuv_len
86d9a1b0   yuv_g7_yuv_len
86d9a1b4   yuv_g8_yuv_len
86d9a1b8   yuv_g9_yuv_len
86d9a1bc   yuv_gdot_yuv_len
86d9a1c0   yuv_red0_yuv_len
86d9a1c4   yuv_red1_yuv_len
86d9a1c8   yuv_red2_yuv_len
86d9a1cc   yuv_red3_yuv_len
86d9a1d0   yuv_red4_yuv_len
86d9a1d4   yuv_red5_yuv_len
86d9a1d8   yuv_red6_yuv_len
86d9a1dc   yuv_red7_yuv_len
86d9a1e0   yuv_red8_yuv_len
86d9a1e4   yuv_red9_yuv_len
86d9a1e8   yuv_reddot_yuv_len
86d9a1ec   firstSetOfFramesReady
86d9a1f0   ToProcessOneSet
86d9a1f4   DoneProcessedOneSet
86d9a1f8   mySentToA8Counter
86d9a1fc   ChInfoFromA8
86d9a1fe   InfoSwmsLayout
86d9a200   badcounter
86d9a204   debugStopFlag
86d9a208   pVideoBuf_Synthesis
86d9a20c   pVideoBuf_Front
86d9a210   pVideoBuf_Left
86d9a214   pVideoBuf_Right
86d9a218   pVideoBuf_Rear
86d9a228   pCurPage
86d9a22c   pNextPage
86d9a230   pParentPage
86d9a288   externalMemory
86d9a28c   frameBuffer0
86d9a290   frameBuffer1
86d9a294   frameBuffer2
86d9a298   frameBuffer3
86d9a29c   outputBuffer
86d9a2a0   SynthesisBuffer
86d9a2a4   counter_get0_1_freq
86d9a2a8   triggerGA
86d9a2ac   lensModel
86d9a2bc   pMemSt
86d9a2c0   pMemTail
86d9a2c4   pMemCur
86d9a2c8   pMemAlloc
86d9a2cc   resMgrInstance
86d9a2d0   userInitConfig
86d9a2d4   ptrRMIArray
86d9a2d8   ptrInitCfgArray
86d9a2dc   irqRaised1
86d9a2f0   edma3NumPaRAMSets
86d9a2f8   Syslink_terminateEventId
86d9a2fc   Syslink_terminateEventLineId
86d9a318   numEdma3Instances
86d9a31c   numDsps
86d9a320   EDMA3_MAX_RM_INSTANCES
86d9a328   _stack
86d9e328   __TI_STACK_END
87000000   ti_sysbios_heaps_HeapMem_Instance_State_0_buf__A
ffffffff   __TI_pprof_out_hndl
ffffffff   __TI_prof_data_size
ffffffff   __TI_prof_data_start
ffffffff   __binit__
ffffffff   __c_args__
ffffffff   binit
UNDEFED    __TI_CINIT_Base
UNDEFED    __TI_CINIT_Limit
UNDEFED    __TI_Handler_Table_Base
UNDEFED    __TI_Handler_Table_Limit
UNDEFED    __TI_INITARRAY_Base
UNDEFED    __TI_INITARRAY_Limit

[1925 symbols]


DYNAMIC SYMBOLS: SORTED ALPHABETICALLY BY Name 

address    name
--------   ----
UNDEFED    
86d77730   TSK_idle
85c00400   _Ipc_ResetVector
86d9e328   __TI_STACK_END
00004000   __TI_STACK_SIZE
86d8b000   __TI_STATIC_BASE
ffffffff   __TI_pprof_out_hndl
ffffffff   __TI_prof_data_size
ffffffff   __TI_prof_data_start
ffffffff   __binit__
ffffffff   __c_args__
00000000   _argsize
ffffffff   binit
00000001   xdc_runtime_Startup__EXECFXN__C
00000001   xdc_runtime_Startup__RESETFXN__C

[15 symbols]


IMPORTED and EXPORTED SYMBOLS: SORTED ALPHABETICALLY BY Name 

IMPORTED SYMBOLS

name                           size      Imported from
-----------------------------  --------  -------------

[0 symbols]


EXPORTED SYMBOLS

address    name
--------   ----
85c00400   _Ipc_ResetVector
